Microchip MPLAB XC8 Compiler V2.05 ()

Linker command line:

-W-3 --edf=C:\Program Files (x86)\Microchip\xc8\v2.05\pic\dat\en_msgs.txt \
  -cs -h+dist/default/production\sun_sensor__7seg.X.production.sym \
  --cmf=dist/default/production\sun_sensor__7seg.X.production.cmf -z \
  -Q16F877A -oC:\Users\Upendra\AppData\Local\Temp\s230.2 \
  --defsym=__MPLAB_BUILD=1 \
  -Mdist/default/production/sun_sensor__7seg.X.production.map -E1 -ver=XC8 \
  --acfsm=1493 -ASTACK=012Eh-016Fh -pstack=STACK -ACODE=00h-07FFhx4 \
  -ASTRCODE=00h-01FFFh -ASTRING=00h-0FFhx32 -ACONST=00h-0FFhx32 \
  -AENTRY=00h-0FFhx32 -ACOMMON=070h-07Fh -ABANK0=020h-06Fh \
  -ABANK1=0A0h-0EFh -ABANK2=0110h-016Fh -ABANK3=0190h-01EFh \
  -ARAM=020h-06Fh,0A0h-0EFh,0110h-016Fh,0190h-01EFh \
  -AABS1=020h-07Fh,0A0h-0EFh,0110h-016Fh,0190h-01EFh -ASFR0=00h-01Fh \
  -ASFR1=080h-09Fh -ASFR2=0100h-010Fh -ASFR3=0180h-018Fh \
  -preset_vec=00h,intentry,init,end_init -ppowerup=CODE -pcinit=CODE \
  -pfunctab=ENTRY -ACONFIG=02007h-02007h -pconfig=CONFIG -DCONFIG=2 \
  -AIDLOC=02000h-02003h -pidloc=IDLOC -DIDLOC=2 -AEEDATA=00h-0FFh/02100h \
  -peeprom_data=EEDATA -DEEDATA=2 -DCODE=2 -DSTRCODE=2 -DSTRING=2 -DCONST=2 \
  -DENTRY=2 -k C:\Users\Upendra\AppData\Local\Temp\s230.o \
  dist/default/production\sun_sensor__7seg.X.production.o 

Object code version is 3.11

Machine type is 16F877A



                Name                               Link     Load   Length Selector   Space Scale
C:\Users\Upendra\AppData\Local\Temp\s230.o
                end_init                              0        0        3        0       0
                config                             2007     2007        1     400E       0
dist/default/production\sun_sensor__7seg.X.production.o
                cinit                               7EC      7EC       14      FD8       0
                maintext_split_2                     48       48      7A4       90       0
                maintext_split_1                   100C     100C       AA     2018       0
                text21                             1000     1000        C     19D6       0
                text20                             1CA8     1CA8       25     3950       0
                text19                             1DCD     1DCD       6B     3B9A       0
                text18                                C        C       3C       18       0
                text17                             1CFE     1CFE       32     39FC       0
                text16                             1C62     1C62       23     38C4       0
                text15                             1F5B     1F5B       A5     3EB6       0
                text14                             119B     119B      1A3     2336       0
                text13                             1D30     1D30       4A     3A60       0
                text12                             133E     133E      237     267C       0
                text11                             1C40     1C40       22     3880       0
                text10                             1C85     1C85       23     390A       0
                text9                               CEB      CEB      315     19D6       0
                text8                              10B6     10B6       E5     216C       0
                text7                              1EC8     1EC8       93     3D90       0
                text6                              1C10     1C10        B     3820       0
                text5                              1CCD     1CCD       31     399A       0
                text4                              1575     1575      28B     2AEA       0
                text3                               835      835      1C2     106A       0
                text2                               9F7      9F7      2F4     13EE       0
                text1                              1D7A     1D7A       53     3AF4       0
                maintext                           1E38     1E38       90     3C70       0
                cstackBANK0                          20       20       50       20       1
                cstackCOMMON                         70       70        E       70       1
                cstackBANK1                          A0       A0       4E       A0       1
                cstackBANK2                         124      124        8      110       1
                cstackBANK3                         190      190       60      190       1
                inittext                           1C1B     1C1B       11     3836       0
                dataBANK2                           110      110       14      110       1
                bssBANK2                            12C      12C        2      110       1
                strings                             800      800       32     1000       0
                idataBANK2                         1C2C     1C2C       14     3858       0

TOTAL           Name                               Link     Load   Length     Space
        CLASS   STACK          

        CLASS   CODE           
                end_init                              0        0        3         0
                cinit                               7EC      7EC       14         0
                maintext_split_2                     48       48      7A4         0
                maintext_split_1                   100C     100C       AA         0
                text21                             1000     1000        C         0
                text20                             1CA8     1CA8       25         0
                text19                             1DCD     1DCD       6B         0
                text18                                C        C       3C         0
                text17                             1CFE     1CFE       32         0
                text16                             1C62     1C62       23         0
                text15                             1F5B     1F5B       A5         0
                text14                             119B     119B      1A3         0
                text13                             1D30     1D30       4A         0
                text12                             133E     133E      237         0
                text11                             1C40     1C40       22         0
                text10                             1C85     1C85       23         0
                text9                               CEB      CEB      315         0
                text8                              10B6     10B6       E5         0
                text7                              1EC8     1EC8       93         0
                text6                              1C10     1C10        B         0
                text5                              1CCD     1CCD       31         0
                text4                              1575     1575      28B         0
                text3                               835      835      1C2         0
                text2                               9F7      9F7      2F4         0
                text1                              1D7A     1D7A       53         0
                maintext                           1E38     1E38       90         0
                inittext                           1C1B     1C1B       11         0
                idataBANK2                         1C2C     1C2C       14         0

        CLASS   STRCODE        

        CLASS   STRING         
                strings                             800      800       32         0

        CLASS   CONST          

        CLASS   ENTRY          

        CLASS   COMMON         
                cstackCOMMON                         70       70        E         1

        CLASS   BANK0          
                cstackBANK0                          20       20       50         1

        CLASS   BANK1          
                cstackBANK1                          A0       A0       4E         1

        CLASS   BANK2          
                cstackBANK2                         124      124        8         1
                dataBANK2                           110      110       14         1
                bssBANK2                            12C      12C        2         1

        CLASS   BANK3          
                cstackBANK3                         190      190       60         1

        CLASS   RAM            

        CLASS   ABS1           
                abs_s1                               7E       7E        2         1

        CLASS   SFR0           

        CLASS   SFR1           

        CLASS   SFR2           

        CLASS   SFR3           

        CLASS   CONFIG         
                config                             2007     2007        1         0

        CLASS   IDLOC          

        CLASS   EEDATA         



SEGMENTS        Name                           Load    Length   Top    Selector   Space  Class     Delta

                reset_vec                      000000  000003  000003         0       0  CODE        2
                text18                         00000C  00003C  000048        18       0  CODE        2
                cstackBANK0                    000020  000050  000070        20       1  BANK0       1
                cstackCOMMON                   000070  00000E  00007E        70       1  COMMON      1
                maintext_split_2               000048  0007A4  0007EC        90       0  CODE        2
                cstackBANK1                    0000A0  00004E  0000EE        A0       1  BANK1       1
                dataBANK2                      000110  00001E  00012E       110       1  BANK2       1
                cstackBANK3                    000190  000060  0001F0       190       1  BANK3       1
                cinit                          0007EC  000014  000800       FD8       0  CODE        2
                strings                        000800  000032  000832      1000       0  STRING      2
                text3                          000835  0001C2  0009F7      106A       0  CODE        2
                text2                          0009F7  0002F4  000CEB      13EE       0  CODE        2
                text9                          000CEB  000321  00100C      19D6       0  CODE        2
                maintext_split_1               00100C  0000AA  0010B6      2018       0  CODE        2
                text8                          0010B6  0000E5  00119B      216C       0  CODE        2
                text14                         00119B  0001A3  00133E      2336       0  CODE        2
                text12                         00133E  000237  001575      267C       0  CODE        2
                text4                          001575  00028B  001800      2AEA       0  CODE        2
                text6                          001C10  00000B  001C1B      3820       0  CODE        2
                inittext                       001C1B  000011  001C2C      3836       0  CODE        2
                idataBANK2                     001C2C  000014  001C40      3858       0  CODE        2
                text11                         001C40  000022  001C62      3880       0  CODE        2
                text16                         001C62  000023  001C85      38C4       0  CODE        2
                text10                         001C85  000023  001CA8      390A       0  CODE        2
                text20                         001CA8  000025  001CCD      3950       0  CODE        2
                text5                          001CCD  000031  001CFE      399A       0  CODE        2
                text17                         001CFE  000032  001D30      39FC       0  CODE        2
                text13                         001D30  00004A  001D7A      3A60       0  CODE        2
                text1                          001D7A  000053  001DCD      3AF4       0  CODE        2
                text19                         001DCD  00006B  001E38      3B9A       0  CODE        2
                maintext                       001E38  000090  001EC8      3C70       0  CODE        2
                text7                          001EC8  000093  001F5B      3D90       0  CODE        2
                text15                         001F5B  0000A5  002000      3EB6       0  CODE        2
                config                         002007  000001  002008      400E       0  CONFIG      2


UNUSED ADDRESS RANGES

        Name                Unused          Largest block    Delta
        BANK1            0000EE-0000EF                2           1
        BANK2            00012E-00016F               42           1
        CODE             000003-00000B                9           2
                         000832-000834                3
                         001800-001C0F              410
        CONST            000003-00000B                9           2
                         000832-000834                3
                         001800-001C0F              100
        EEDATA           002100-0021FF              100           2
        ENTRY            000003-00000B                9           2
                         000832-000834                3
                         001800-001C0F              100
        IDLOC            002000-002003                4           2
        RAM              0000EE-0000EF                2           1
                         00012E-00016F               42
        SFR0             000000-00001F               20           1
        SFR1             000080-00009F               20           1
        SFR2             000100-00010F               10           1
        SFR3             000180-00018F               10           1
        STACK            00012E-00016F               42           1
        STRCODE          000003-00000B                9           2
                         000832-000834                3
                         001800-001C0F              410
        STRING           000003-00000B                9           2
                         000832-000834                3
                         001800-001C0F              100

                                  Symbol Table

?_ADC_Read               cstackCOMMON     000070
?__Umul8_16              cstackCOMMON     000070
?___fladd                cstackBANK0      000020
?___fldiv                cstackBANK0      000034
?___flmul                cstackBANK0      00004E
?___flneg                cstackBANK0      000030
?___flsub                cstackBANK0      000068
?___fltol                cstackCOMMON     000070
?___lwdiv                cstackCOMMON     000070
?___lwmod                cstackCOMMON     000070
?___wmul                 cstackBANK0      000020
?___xxtofl               cstackCOMMON     000075
?_acos                   cstackBANK1      0000D6
?_asin                   cstackBANK1      0000BE
?_atan                   cstackBANK1      0000A9
?_eval_poly              cstackBANK0      000068
?_fabs                   cstackBANK0      000034
?_sqrt                   cstackBANK1      0000A0
ADC_Read@channel         cstackCOMMON     000074
_ADCON0                  (abs)            00001F
_ADCON1                  (abs)            00009F
_ADC_Initialize          text21           001000
_ADC_Read                text20           001CA8
_ADON                    (abs)            0000F8
_ADRESH                  (abs)            00001E
_ADRESL                  (abs)            00009E
_GO_nDONE                (abs)            0000FA
_PORTC                   (abs)            000007
_PORTD                   (abs)            000008
_RC0                     (abs)            000038
_RC1                     (abs)            000039
_RC2                     (abs)            00003A
_RC3                     (abs)            00003B
_RD7                     (abs)            000047
_TRISB0                  (abs)            000430
_TRISC                   (abs)            000087
_TRISD                   (abs)            000088
__CFG_BOREN$OFF          (abs)            000000
__CFG_CP$OFF             (abs)            000000
__CFG_CPD$OFF            (abs)            000000
__CFG_FOSC$HS            (abs)            000000
__CFG_LVP$OFF            (abs)            000000
__CFG_PWRTE$OFF          (abs)            000000
__CFG_WDTE$OFF           (abs)            000000
__CFG_WRT$OFF            (abs)            000000
__Habs1                  abs1             000000
__Hbank0                 bank0            000000
__Hbank1                 bank1            000000
__Hbank2                 bank2            000000
__Hbank3                 bank3            000000
__HbssBANK2              bssBANK2         000000
__Hcinit                 cinit            000800
__Hclrtext               clrtext          000000
__Hcode                  code             000000
__Hcommon                common           000000
__Hconfig                config           002008
__HcstackBANK0           cstackBANK0      000000
__HcstackBANK1           cstackBANK1      000000
__HcstackBANK2           cstackBANK2      000000
__HcstackBANK3           cstackBANK3      000000
__HcstackCOMMON          cstackCOMMON     000000
__HdataBANK2             dataBANK2        000000
__Heeprom_data           eeprom_data      000000
__Hend_init              end_init         000003
__Hfunctab               functab          000000
__HidataBANK2            idataBANK2       000000
__Hidloc                 idloc            000000
__Hinit                  init             000000
__Hinittext              inittext         000000
__Hintentry              intentry         000000
__Hmaintext              maintext         000000
__Hmaintext_split_1      maintext_split_1 000000
__Hmaintext_split_2      maintext_split_2 000000
__Hpowerup               powerup          000000
__Hram                   ram              000000
__Hreset_vec             reset_vec        000000
__Hsfr0                  sfr0             000000
__Hsfr1                  sfr1             000000
__Hsfr2                  sfr2             000000
__Hsfr3                  sfr3             000000
__Hspace_0               (abs)            002008
__Hspace_1               (abs)            0001F0
__Hspace_2               (abs)            000000
__Hspace_3               (abs)            000000
__Hstack                 stack            000000
__Hstrings               strings          000000
__Htext                  text             000000
__Labs1                  abs1             000000
__Lbank0                 bank0            000000
__Lbank1                 bank1            000000
__Lbank2                 bank2            000000
__Lbank3                 bank3            000000
__LbssBANK2              bssBANK2         000000
__Lcinit                 cinit            0007EC
__Lclrtext               clrtext          000000
__Lcode                  code             000000
__Lcommon                common           000000
__Lconfig                config           002007
__LcstackBANK0           cstackBANK0      000000
__LcstackBANK1           cstackBANK1      000000
__LcstackBANK2           cstackBANK2      000000
__LcstackBANK3           cstackBANK3      000000
__LcstackCOMMON          cstackCOMMON     000000
__LdataBANK2             dataBANK2        000000
__Leeprom_data           eeprom_data      000000
__Lend_init              end_init         000000
__Lfunctab               functab          000000
__LidataBANK2            idataBANK2       000000
__Lidloc                 idloc            000000
__Linit                  init             000000
__Linittext              inittext         000000
__Lintentry              intentry         000000
__Lmaintext              maintext         000000
__Lmaintext_split_1      maintext_split_1 000000
__Lmaintext_split_2      maintext_split_2 000000
__Lpowerup               powerup          000000
__Lram                   ram              000000
__Lreset_vec             reset_vec        000000
__Lsfr0                  sfr0             000000
__Lsfr1                  sfr1             000000
__Lsfr2                  sfr2             000000
__Lsfr3                  sfr3             000000
__Lspace_0               (abs)            000000
__Lspace_1               (abs)            000000
__Lspace_2               (abs)            000000
__Lspace_3               (abs)            000000
__Lstack                 stack            000000
__Lstrings               strings          000000
__Ltext                  text             000000
__S0                     (abs)            002008
__S1                     (abs)            0001F0
__S2                     (abs)            000000
__S3                     (abs)            000000
__Umul8_16               text10           001C85
__Umul8_16@multiplicand  cstackCOMMON     000070
__Umul8_16@multiplier    cstackCOMMON     000078
__Umul8_16@product       cstackCOMMON     000074
__Umul8_16@word_mpld     cstackCOMMON     000076
___fladd                 text12           00133E
___fladd@a               cstackBANK0      000024
___fladd@aexp            cstackCOMMON     00007A
___fladd@b               cstackBANK0      000020
___fladd@bexp            cstackCOMMON     00007B
___fladd@grs             cstackCOMMON     00007C
___fladd@signs           cstackCOMMON     000079
___fldiv                 text14           00119B
___fldiv@a               cstackBANK0      000034
___fldiv@aexp            cstackBANK0      00004D
___fldiv@b               cstackBANK0      000038
___fldiv@bexp            cstackBANK0      00004C
___fldiv@grs             cstackBANK0      000048
___fldiv@new_exp         cstackBANK0      000046
___fldiv@rem             cstackBANK0      000041
___fldiv@sign            cstackBANK0      000045
___fleq                  text13           001D30
___fleq@ff1              cstackBANK0      000038
___fleq@ff2              cstackBANK0      00003C
___flge                  text7            001EC8
___flge@ff1              cstackCOMMON     000070
___flge@ff2              cstackCOMMON     000074
___flmul                 text9            000CEB
___flmul@a               cstackBANK0      000052
___flmul@aexp            cstackBANK0      000060
___flmul@b               cstackBANK0      00004E
___flmul@bexp            cstackBANK0      000061
___flmul@grs             cstackBANK0      00005C
___flmul@prod            cstackBANK0      000062
___flmul@sign            cstackBANK0      00005B
___flmul@temp            cstackBANK0      000066
___flneg                 text6            001C10
___flneg@f1              cstackBANK0      000030
___flsub                 text11           001C40
___flsub@a               cstackBANK0      000068
___flsub@b               cstackBANK0      00006C
___fltol                 text19           001DCD
___fltol@exp1            cstackCOMMON     00007A
___fltol@f1              cstackCOMMON     000070
___fltol@sign1           cstackCOMMON     000079
___int_sp                stack            000000
___latbits               (abs)            000002
___lwdiv                 text18           00000C
___lwdiv@counter         cstackCOMMON     000077
___lwdiv@dividend        cstackCOMMON     000072
___lwdiv@divisor         cstackCOMMON     000070
___lwdiv@quotient        cstackCOMMON     000075
___lwmod                 text17           001CFE
___lwmod@counter         cstackCOMMON     000075
___lwmod@dividend        cstackCOMMON     000072
___lwmod@divisor         cstackCOMMON     000070
___sp                    stack            000000
___stackhi               (abs)            000000
___stacklo               (abs)            000000
___wmul                  text16           001C62
___wmul@multiplicand     cstackBANK0      000022
___wmul@multiplier       cstackBANK0      000020
___wmul@product          cstackCOMMON     00007B
___xxtofl                text15           001F5B
___xxtofl@arg            cstackBANK0      000022
___xxtofl@exp            cstackBANK0      000021
___xxtofl@sign           cstackBANK0      000020
___xxtofl@val            cstackCOMMON     000075
__end_of_ADC_Initialize  text21           00100C
__end_of_ADC_Read        text20           001CCD
__end_of__Umul8_16       text10           001CA8
__end_of___fladd         text12           001575
__end_of___fldiv         text14           00133E
__end_of___fleq          text13           001D7A
__end_of___flge          text7            001F5B
__end_of___flmul         text9            001000
__end_of___flneg         text6            001C1B
__end_of___flsub         text11           001C62
__end_of___fltol         text19           001E38
__end_of___lwdiv         text18           000048
__end_of___lwmod         text17           001D30
__end_of___wmul          text16           001C85
__end_of___xxtofl        text15           002000
__end_of__initialization cinit            0007FC
__end_of__stringtab      strings          000806
__end_of_acos            text1            001DCD
__end_of_asin            text2            000CEB
__end_of_atan            text4            001800
__end_of_eval_poly       text8            00119B
__end_of_fabs            text5            001CFE
__end_of_main            maintext_split_2 0007E9
__end_of_sqrt            text3            0009F7
__end_ofatan@coeff_a     strings          00081E
__end_ofatan@coeff_b     strings          000832
__initialization         cinit            0007EC
__pbssBANK2              bssBANK2         00012C
__pcstackBANK0           cstackBANK0      000020
__pcstackBANK1           cstackBANK1      0000A0
__pcstackBANK2           cstackBANK2      000124
__pcstackBANK3           cstackBANK3      000190
__pcstackCOMMON          cstackCOMMON     000070
__pdataBANK2             dataBANK2        000110
__pidataBANK2            idataBANK2       001C2C
__pmaintext              maintext         001E38
__pstrings               strings          000800
__ptext1                 text1            001D7A
__ptext10                text10           001C85
__ptext11                text11           001C40
__ptext12                text12           00133E
__ptext13                text13           001D30
__ptext14                text14           00119B
__ptext15                text15           001F5B
__ptext16                text16           001C62
__ptext17                text17           001CFE
__ptext18                text18           00000C
__ptext19                text19           001DCD
__ptext2                 text2            0009F7
__ptext20                text20           001CA8
__ptext21                text21           001000
__ptext3                 text3            000835
__ptext4                 text4            001575
__ptext5                 text5            001CCD
__ptext6                 text6            001C10
__ptext7                 text7            001EC8
__ptext8                 text8            0010B6
__ptext9                 text9            000CEB
__size_of_ADC_Initialize (abs)            000000
__size_of_ADC_Read       (abs)            000000
__size_of__Umul8_16      (abs)            000000
__size_of___fladd        (abs)            000000
__size_of___fldiv        (abs)            000000
__size_of___fleq         (abs)            000000
__size_of___flge         (abs)            000000
__size_of___flmul        (abs)            000000
__size_of___flneg        (abs)            000000
__size_of___flsub        (abs)            000000
__size_of___fltol        (abs)            000000
__size_of___lwdiv        (abs)            000000
__size_of___lwmod        (abs)            000000
__size_of___wmul         (abs)            000000
__size_of___xxtofl       (abs)            000000
__size_of_acos           (abs)            000000
__size_of_asin           (abs)            000000
__size_of_atan           (abs)            000000
__size_of_eval_poly      (abs)            000000
__size_of_fabs           (abs)            000000
__size_of_main           (abs)            000000
__size_of_sqrt           (abs)            000000
__stringbase             strings          000805
__stringtab              strings          000800
_acos                    text1            001D7A
_acos$794                cstackBANK1      0000DA
_asin                    text2            0009F7
_asin$795                cstackBANK1      0000C6
_asin$796                cstackBANK1      0000D2
_asin$797                cstackBANK1      0000CA
_atan                    text4            001575
_errno                   bssBANK2         00012C
_eval_poly               text8            0010B6
_fabs                    text5            001CCD
_main                    maintext         001E38
_main$788                cstackBANK1      0000EA
_main$789                cstackBANK3      0001A4
_main$790                cstackBANK3      0001A8
_main$791                cstackBANK3      0001AC
_main$792                cstackBANK2      000124
_main$793                cstackBANK2      000128
_sqrt                    text3            000835
acos@x                   cstackBANK1      0000D6
asin@x                   cstackBANK1      0000BE
asin@y                   cstackBANK1      0000CE
atan@coeff_a             strings          000806
atan@coeff_b             strings          00081E
atan@f                   cstackBANK1      0000A9
atan@recip               cstackBANK1      0000B5
atan@val                 cstackBANK1      0000BA
atan@val_squared         cstackBANK1      0000B6
atan@x                   cstackBANK1      0000B1
atan@y                   cstackBANK1      0000AD
btemp                    (abs)            00007E
end_of_initialization    cinit            0007FC
eval_poly@d              cstackBANK0      00006C
eval_poly@n              cstackBANK0      00006D
eval_poly@res            cstackBANK1      0000A5
eval_poly@x              cstackBANK0      000068
fabs@d                   cstackBANK0      000034
init_fetch0              inittext         001C1B
init_ram0                inittext         001C1F
intlevel0                functab          000000
intlevel1                functab          000000
intlevel2                functab          000000
intlevel3                functab          000000
intlevel4                functab          000000
intlevel5                functab          000000
main@A                   cstackBANK3      0001B8
main@F988                dataBANK2        000110
main@a                   cstackBANK3      0001B0
main@b                   cstackBANK3      0001CE
main@c                   cstackBANK3      0001B2
main@d                   cstackBANK1      0000E2
main@e                   cstackBANK3      0001B4
main@f                   cstackBANK3      0001D0
main@fa                  cstackBANK3      0001D2
main@flag                cstackBANK3      0001CC
main@fval                cstackBANK1      0000E6
main@g                   cstackBANK3      0001B6
main@h                   cstackBANK1      0000E4
main@i                   cstackBANK3      0001EA
main@ival                cstackBANK3      0001E8
main@negx                cstackBANK3      0001E0
main@negy                cstackBANK3      0001E4
main@r                   cstackBANK3      0001EC
main@seg                 cstackBANK3      000190
main@x                   cstackBANK3      0001D4
main@y                   cstackBANK3      0001D8
main@z                   cstackBANK3      0001DC
pnum$maintext            (abs)            00000D
pnum$maintext_split_1    (abs)            000023
pnum$maintext_split_2    (abs)            000024
psplit$0                 (abs)            0D0023
psplit$1                 (abs)            230024
reset_vec                reset_vec        000000
sqrt@a                   cstackBANK1      0000A0
sqrt@exp                 cstackBANK1      0000B3
sqrt@frac                cstackBANK1      0000B9
sqrt@grs                 cstackBANK1      0000AF
sqrt@i                   cstackBANK1      0000A9
sqrt@p                   cstackBANK1      0000AE
sqrt@root                cstackBANK1      0000B5
sqrt@sign                cstackBANK1      0000A8
sqrt@tfrac               cstackBANK1      0000AA
start                    init             000000
start_initialization     cinit            0007EC
wtemp0                   (abs)            00007E


FUNCTION INFORMATION:

 *************** function _main *****************
 Defined at:
		line 51 in file "sun_7seg.c"
 Parameters:    Size  Location     Type
		None
 Auto vars:     Size  Location     Type
  fval            4   70[BANK1 ] PTR const 
  ival            2   88[BANK3 ] unsigned int 
  fa              2   66[BANK3 ] unsigned int 
  A              20   40[BANK3 ] [5]
  seg            20    0[BANK3 ] unsigned int [10]
  r               4   92[BANK3 ] unsigned int [10]
  negy            4   84[BANK3 ] unsigned int [10]
  negx            4   80[BANK3 ] unsigned int [10]
  z               4   76[BANK3 ] unsigned int [10]
  y               4   72[BANK3 ] unsigned int [10]
  x               4   68[BANK3 ] unsigned int [10]
  i               2   90[BANK3 ] short 
  f               2   64[BANK3 ] unsigned int 
  b               2   62[BANK3 ] unsigned int 
  flag            2   60[BANK3 ] short 
  g               2   38[BANK3 ] unsigned int 
  e               2   36[BANK3 ] unsigned int 
  c               2   34[BANK3 ] unsigned int 
  a               2   32[BANK3 ] unsigned int 
  h               2   68[BANK1 ] unsigned int 
  d               2   66[BANK1 ] unsigned int 
 Return value:  Size  Location     Type
                  1    wreg      void 
 Registers used:
		wreg, fsr0l, fsr0h, status,2, status,0, btemp+1, pclath, cstack
 Tracked objects:
		On entry : 
		On exit  : 
		Unchanged: 
 Data sizes:     COMMON   BANK0   BANK1   BANK3   BANK2
      Params:         0       0       0       0       0
      Locals:         0       0      12      96       8
      Temps:          0       0       4       0       0
      Totals:         0       0      16      96       8
Total ram usage:      120 bytes
 Hardware stack levels required when called:    6
 This function calls:
		_ADC_Initialize
		_ADC_Read
		___fladd
		___fldiv
		___flmul
		___flsub
		___fltol
		___lwdiv
		___lwmod
		___wmul
		___xxtofl
		_acos
		_sqrt
 This function is called by:
		Startup code after reset
 This function uses a non-reentrant model


 *************** function _acos *****************
 Defined at:
		line 8 in file "C:\Program Files (x86)\Microchip\xc8\v2.05\pic\sources\c90\common\acos.c"
 Parameters:    Size  Location     Type
  x               4   54[BANK1 ] void 
 Auto vars:     Size  Location     Type
		None
 Return value:  Size  Location     Type
                  4   54[BANK1 ] void 
 Registers used:
		wreg, fsr0l, fsr0h, status,2, status,0, btemp+1, pclath, cstack
 Tracked objects:
		On entry : 
		On exit  : 
		Unchanged: 
 Data sizes:     COMMON   BANK0   BANK1   BANK3   BANK2
      Params:         0       0       4       0       0
      Locals:         0       0       4       0       0
      Temps:          0       0       0       0       0
      Totals:         0       0       8       0       0
Total ram usage:        8 bytes
 Hardware stack levels used:    1
 Hardware stack levels required when called:    5
 This function calls:
		___flsub
		_asin
 This function is called by:
		_main
 This function uses a non-reentrant model


 *************** function _asin *****************
 Defined at:
		line 9 in file "C:\Program Files (x86)\Microchip\xc8\v2.05\pic\sources\c90\common\asin.c"
 Parameters:    Size  Location     Type
  x               4   30[BANK1 ] void 
 Auto vars:     Size  Location     Type
  y               4   46[BANK1 ] void 
  sgn             4    0        void 
 Return value:  Size  Location     Type
                  4   30[BANK1 ] void 
 Registers used:
		wreg, fsr0l, fsr0h, status,2, status,0, btemp+1, pclath, cstack
 Tracked objects:
		On entry : 
		On exit  : 
		Unchanged: 
 Data sizes:     COMMON   BANK0   BANK1   BANK3   BANK2
      Params:         0       0       4       0       0
      Locals:         0       0      20       0       0
      Temps:          0       0       0       0       0
      Totals:         0       0      24       0       0
Total ram usage:       24 bytes
 Hardware stack levels used:    1
 Hardware stack levels required when called:    4
 This function calls:
		___fldiv
		___flge
		___flmul
		___flneg
		___flsub
		_atan
		_fabs
		_sqrt
 This function is called by:
		_acos
 This function uses a non-reentrant model


 *************** function _sqrt *****************
 Defined at:
		line 9 in file "C:\Program Files (x86)\Microchip\xc8\v2.05\pic\sources\c90\common\sprcsqrt.c"
 Parameters:    Size  Location     Type
  a               4    0[BANK1 ] void 
 Auto vars:     Size  Location     Type
  frac            4   25[BANK1 ] unsigned long 
  root            4   21[BANK1 ] struct .
  grs             4   15[BANK1 ] unsigned long 
  tfrac           4   10[BANK1 ] unsigned long 
  exp             2   19[BANK1 ] int 
  p               1   14[BANK1 ] unsigned char 
  i               1    9[BANK1 ] unsigned char 
  sign            1    8[BANK1 ] unsigned char 
 Return value:  Size  Location     Type
                  4    0[BANK1 ] unsigned char 
 Registers used:
		wreg, status,2, status,0, btemp+1
 Tracked objects:
		On entry : 
		On exit  : 
		Unchanged: 
 Data sizes:     COMMON   BANK0   BANK1   BANK3   BANK2
      Params:         0       0       4       0       0
      Locals:         0       0      21       0       0
      Temps:          0       0       4       0       0
      Totals:         0       0      29       0       0
Total ram usage:       29 bytes
 Hardware stack levels used:    1
 This function calls:
		Nothing
 This function is called by:
		_main
		_asin
 This function uses a non-reentrant model


 *************** function _atan *****************
 Defined at:
		line 8 in file "C:\Program Files (x86)\Microchip\xc8\v2.05\pic\sources\c90\common\atan.c"
 Parameters:    Size  Location     Type
  f               4    9[BANK1 ] unsigned char 
 Auto vars:     Size  Location     Type
  val             4   26[BANK1 ] unsigned char 
  val_squared     4   22[BANK1 ] unsigned char 
  x               4   17[BANK1 ] unsigned char 
  y               4   13[BANK1 ] unsigned char 
  recip           1   21[BANK1 ] unsigned char 
 Return value:  Size  Location     Type
                  4    9[BANK1 ] unsigned char 
 Registers used:
		wreg, fsr0l, fsr0h, status,2, status,0, btemp+1, pclath, cstack
 Tracked objects:
		On entry : 
		On exit  : 
		Unchanged: 
 Data sizes:     COMMON   BANK0   BANK1   BANK3   BANK2
      Params:         0       0       4       0       0
      Locals:         0       0      17       0       0
      Temps:          1       0       0       0       0
      Totals:         1       0      21       0       0
Total ram usage:       22 bytes
 Hardware stack levels used:    1
 Hardware stack levels required when called:    3
 This function calls:
		___fldiv
		___fleq
		___flge
		___flmul
		___flneg
		___flsub
		_eval_poly
		_fabs
 This function is called by:
		_asin
 This function uses a non-reentrant model


 *************** function _fabs *****************
 Defined at:
		line 4 in file "C:\Program Files (x86)\Microchip\xc8\v2.05\pic\sources\c90\common\fabs.c"
 Parameters:    Size  Location     Type
  d               4   20[BANK0 ] unsigned char 
 Auto vars:     Size  Location     Type
		None
 Return value:  Size  Location     Type
                  4   20[BANK0 ] unsigned char 
 Registers used:
		wreg, status,2, status,0, pclath, cstack
 Tracked objects:
		On entry : 
		On exit  : 
		Unchanged: 
 Data sizes:     COMMON   BANK0   BANK1   BANK3   BANK2
      Params:         0       4       0       0       0
      Locals:         0       0       0       0       0
      Temps:          0       0       0       0       0
      Totals:         0       4       0       0       0
Total ram usage:        4 bytes
 Hardware stack levels used:    1
 Hardware stack levels required when called:    1
 This function calls:
		___flge
		___flneg
 This function is called by:
		_asin
		_atan
 This function uses a non-reentrant model


 *************** function ___flneg *****************
 Defined at:
		line 15 in file "C:\Program Files (x86)\Microchip\xc8\v2.05\pic\sources\c90\common\flneg.c"
 Parameters:    Size  Location     Type
  f1              4   16[BANK0 ] unsigned char 
 Auto vars:     Size  Location     Type
		None
 Return value:  Size  Location     Type
                  4   16[BANK0 ] unsigned char 
 Registers used:
		wreg
 Tracked objects:
		On entry : 
		On exit  : 
		Unchanged: 
 Data sizes:     COMMON   BANK0   BANK1   BANK3   BANK2
      Params:         0       4       0       0       0
      Locals:         0       0       0       0       0
      Temps:          0       0       0       0       0
      Totals:         0       4       0       0       0
Total ram usage:        4 bytes
 Hardware stack levels used:    1
 This function calls:
		Nothing
 This function is called by:
		_asin
		_atan
		_fabs
 This function uses a non-reentrant model


 *************** function ___flge *****************
 Defined at:
		line 4 in file "C:\Program Files (x86)\Microchip\xc8\v2.05\pic\sources\c90\common\flge.c"
 Parameters:    Size  Location     Type
  ff1             4    0[COMMON] unsigned char 
  ff2             4    4[COMMON] unsigned char 
 Auto vars:     Size  Location     Type
		None
 Return value:  Size  Location     Type
		None               void
 Registers used:
		wreg, status,2, status,0
 Tracked objects:
		On entry : 
		On exit  : 
		Unchanged: 
 Data sizes:     COMMON   BANK0   BANK1   BANK3   BANK2
      Params:         8       0       0       0       0
      Locals:         0       0       0       0       0
      Temps:          4       0       0       0       0
      Totals:        12       0       0       0       0
Total ram usage:       12 bytes
 Hardware stack levels used:    1
 This function calls:
		Nothing
 This function is called by:
		_asin
		_atan
		_fabs
 This function uses a non-reentrant model


 *************** function _eval_poly *****************
 Defined at:
		line 4 in file "C:\Program Files (x86)\Microchip\xc8\v2.05\pic\sources\c90\common\evalpoly.c"
 Parameters:    Size  Location     Type
  x               4   72[BANK0 ] unsigned char 
  d               1   76[BANK0 ] PTR const 
		 -> atan@coeff_a(24), atan@coeff_b(20), 
  n               2   77[BANK0 ] int 
 Auto vars:     Size  Location     Type
  res             4    5[BANK1 ] int 
 Return value:  Size  Location     Type
                  4   72[BANK0 ] int 
 Registers used:
		wreg, fsr0l, fsr0h, status,2, status,0, btemp+1, pclath, cstack
 Tracked objects:
		On entry : 
		On exit  : 
		Unchanged: 
 Data sizes:     COMMON   BANK0   BANK1   BANK3   BANK2
      Params:         0       7       0       0       0
      Locals:         0       0       4       0       0
      Temps:          0       0       5       0       0
      Totals:         0       7       9       0       0
Total ram usage:       16 bytes
 Hardware stack levels used:    1
 Hardware stack levels required when called:    2
 This function calls:
		___fladd
		___flmul
 This function is called by:
		_atan
 This function uses a non-reentrant model


 *************** function ___flmul *****************
 Defined at:
		line 8 in file "C:\Program Files (x86)\Microchip\xc8\v2.05\pic\sources\c90\common\sprcmul.c"
 Parameters:    Size  Location     Type
  b               4   46[BANK0 ] int 
  a               4   50[BANK0 ] int 
 Auto vars:     Size  Location     Type
  prod            4   66[BANK0 ] struct .
  grs             4   60[BANK0 ] unsigned long 
  temp            2   70[BANK0 ] struct .
  bexp            1   65[BANK0 ] unsigned char 
  aexp            1   64[BANK0 ] unsigned char 
  sign            1   59[BANK0 ] unsigned char 
 Return value:  Size  Location     Type
                  4   46[BANK0 ] unsigned char 
 Registers used:
		wreg, status,2, status,0, btemp+1, pclath, cstack
 Tracked objects:
		On entry : 
		On exit  : 
		Unchanged: 
 Data sizes:     COMMON   BANK0   BANK1   BANK3   BANK2
      Params:         0       8       0       0       0
      Locals:         0      13       0       0       0
      Temps:          0       5       0       0       0
      Totals:         0      26       0       0       0
Total ram usage:       26 bytes
 Hardware stack levels used:    1
 Hardware stack levels required when called:    1
 This function calls:
		__Umul8_16
 This function is called by:
		_main
		_asin
		_atan
		_eval_poly
 This function uses a non-reentrant model


 *************** function __Umul8_16 *****************
 Defined at:
		line 4 in file "C:\Program Files (x86)\Microchip\xc8\v2.05\pic\sources\c90\common\Umul8_16.c"
 Parameters:    Size  Location     Type
  multiplier      1    wreg     unsigned char 
  multiplicand    1    0[COMMON] unsigned char 
 Auto vars:     Size  Location     Type
  multiplier      1    8[COMMON] unsigned char 
  word_mpld       2    6[COMMON] unsigned int 
  product         2    4[COMMON] unsigned int 
 Return value:  Size  Location     Type
                  2    0[COMMON] unsigned int 
 Registers used:
		wreg, status,2, status,0
 Tracked objects:
		On entry : 
		On exit  : 
		Unchanged: 
 Data sizes:     COMMON   BANK0   BANK1   BANK3   BANK2
      Params:         2       0       0       0       0
      Locals:         5       0       0       0       0
      Temps:          2       0       0       0       0
      Totals:         9       0       0       0       0
Total ram usage:        9 bytes
 Hardware stack levels used:    1
 This function calls:
		Nothing
 This function is called by:
		___flmul
 This function uses a non-reentrant model


 *************** function ___flsub *****************
 Defined at:
		line 242 in file "C:\Program Files (x86)\Microchip\xc8\v2.05\pic\sources\c90\common\sprcadd.c"
 Parameters:    Size  Location     Type
  a               4   72[BANK0 ] unsigned int 
  b               4   76[BANK0 ] unsigned int 
 Auto vars:     Size  Location     Type
		None
 Return value:  Size  Location     Type
                  4   72[BANK0 ] unsigned int 
 Registers used:
		wreg, status,2, status,0, btemp+1, pclath, cstack
 Tracked objects:
		On entry : 
		On exit  : 
		Unchanged: 
 Data sizes:     COMMON   BANK0   BANK1   BANK3   BANK2
      Params:         0       8       0       0       0
      Locals:         0       0       0       0       0
      Temps:          0       0       0       0       0
      Totals:         0       8       0       0       0
Total ram usage:        8 bytes
 Hardware stack levels used:    1
 Hardware stack levels required when called:    1
 This function calls:
		___fladd
 This function is called by:
		_main
		_acos
		_asin
		_atan
 This function uses a non-reentrant model


 *************** function ___fladd *****************
 Defined at:
		line 10 in file "C:\Program Files (x86)\Microchip\xc8\v2.05\pic\sources\c90\common\sprcadd.c"
 Parameters:    Size  Location     Type
  b               4    0[BANK0 ] unsigned int 
  a               4    4[BANK0 ] unsigned int 
 Auto vars:     Size  Location     Type
  grs             1   12[COMMON] unsigned char 
  bexp            1   11[COMMON] unsigned char 
  aexp            1   10[COMMON] unsigned char 
  signs           1    9[COMMON] unsigned char 
 Return value:  Size  Location     Type
                  4    0[BANK0 ] unsigned char 
 Registers used:
		wreg, status,2, status,0, btemp+1
 Tracked objects:
		On entry : 
		On exit  : 
		Unchanged: 
 Data sizes:     COMMON   BANK0   BANK1   BANK3   BANK2
      Params:         0       8       0       0       0
      Locals:         4       0       0       0       0
      Temps:          0       8       0       0       0
      Totals:         4      16       0       0       0
Total ram usage:       20 bytes
 Hardware stack levels used:    1
 This function calls:
		Nothing
 This function is called by:
		_main
		___flsub
		_eval_poly
 This function uses a non-reentrant model


 *************** function ___fleq *****************
 Defined at:
		line 4 in file "C:\Program Files (x86)\Microchip\xc8\v2.05\pic\sources\c90\common\fleq.c"
 Parameters:    Size  Location     Type
  ff1             4   24[BANK0 ] unsigned char 
  ff2             4   28[BANK0 ] unsigned char 
 Auto vars:     Size  Location     Type
		None
 Return value:  Size  Location     Type
		None               void
 Registers used:
		wreg, status,2, status,0
 Tracked objects:
		On entry : 
		On exit  : 
		Unchanged: 
 Data sizes:     COMMON   BANK0   BANK1   BANK3   BANK2
      Params:         0       8       0       0       0
      Locals:         0       0       0       0       0
      Temps:          0       4       0       0       0
      Totals:         0      12       0       0       0
Total ram usage:       12 bytes
 Hardware stack levels used:    1
 This function calls:
		Nothing
 This function is called by:
		_atan
 This function uses a non-reentrant model


 *************** function ___fldiv *****************
 Defined at:
		line 8 in file "C:\Program Files (x86)\Microchip\xc8\v2.05\pic\sources\c90\common\sprcdiv.c"
 Parameters:    Size  Location     Type
  a               4   20[BANK0 ] unsigned char 
  b               4   24[BANK0 ] unsigned char 
 Auto vars:     Size  Location     Type
  grs             4   40[BANK0 ] unsigned long 
  rem             4   33[BANK0 ] unsigned long 
  new_exp         2   38[BANK0 ] int 
  aexp            1   45[BANK0 ] unsigned char 
  bexp            1   44[BANK0 ] unsigned char 
  sign            1   37[BANK0 ] unsigned char 
 Return value:  Size  Location     Type
                  4   20[BANK0 ] unsigned char 
 Registers used:
		wreg, status,2, status,0, btemp+1
 Tracked objects:
		On entry : 
		On exit  : 
		Unchanged: 
 Data sizes:     COMMON   BANK0   BANK1   BANK3   BANK2
      Params:         0       8       0       0       0
      Locals:         0      13       0       0       0
      Temps:          0       5       0       0       0
      Totals:         0      26       0       0       0
Total ram usage:       26 bytes
 Hardware stack levels used:    1
 This function calls:
		Nothing
 This function is called by:
		_main
		_asin
		_atan
 This function uses a non-reentrant model


 *************** function ___xxtofl *****************
 Defined at:
		line 10 in file "C:\Program Files (x86)\Microchip\xc8\v2.05\pic\sources\c90\common\xxtofl.c"
 Parameters:    Size  Location     Type
  sign            1    wreg     unsigned char 
  val             4    5[COMMON] long 
 Auto vars:     Size  Location     Type
  sign            1    0[BANK0 ] unsigned char 
  arg             4    2[BANK0 ] unsigned long 
  exp             1    1[BANK0 ] unsigned char 
 Return value:  Size  Location     Type
                  4    5[COMMON] unsigned char 
 Registers used:
		wreg, status,2, status,0
 Tracked objects:
		On entry : 
		On exit  : 
		Unchanged: 
 Data sizes:     COMMON   BANK0   BANK1   BANK3   BANK2
      Params:         4       0       0       0       0
      Locals:         0       6       0       0       0
      Temps:          4       0       0       0       0
      Totals:         8       6       0       0       0
Total ram usage:       14 bytes
 Hardware stack levels used:    1
 This function calls:
		Nothing
 This function is called by:
		_main
 This function uses a non-reentrant model


 *************** function ___wmul *****************
 Defined at:
		line 15 in file "C:\Program Files (x86)\Microchip\xc8\v2.05\pic\sources\c90\common\Umul16.c"
 Parameters:    Size  Location     Type
  multiplier      2    0[BANK0 ] unsigned int 
  multiplicand    2    2[BANK0 ] unsigned int 
 Auto vars:     Size  Location     Type
  product         2   11[COMMON] unsigned int 
 Return value:  Size  Location     Type
                  2    0[BANK0 ] unsigned int 
 Registers used:
		wreg, status,2, status,0
 Tracked objects:
		On entry : 
		On exit  : 
		Unchanged: 
 Data sizes:     COMMON   BANK0   BANK1   BANK3   BANK2
      Params:         0       4       0       0       0
      Locals:         2       0       0       0       0
      Temps:          0       0       0       0       0
      Totals:         2       4       0       0       0
Total ram usage:        6 bytes
 Hardware stack levels used:    1
 This function calls:
		Nothing
 This function is called by:
		_main
 This function uses a non-reentrant model


 *************** function ___lwmod *****************
 Defined at:
		line 5 in file "C:\Program Files (x86)\Microchip\xc8\v2.05\pic\sources\c90\common\lwmod.c"
 Parameters:    Size  Location     Type
  divisor         2    0[COMMON] unsigned int 
  dividend        2    2[COMMON] unsigned int 
 Auto vars:     Size  Location     Type
  counter         1    5[COMMON] unsigned char 
 Return value:  Size  Location     Type
                  2    0[COMMON] unsigned int 
 Registers used:
		wreg, status,2, status,0
 Tracked objects:
		On entry : 
		On exit  : 
		Unchanged: 
 Data sizes:     COMMON   BANK0   BANK1   BANK3   BANK2
      Params:         4       0       0       0       0
      Locals:         1       0       0       0       0
      Temps:          1       0       0       0       0
      Totals:         6       0       0       0       0
Total ram usage:        6 bytes
 Hardware stack levels used:    1
 This function calls:
		Nothing
 This function is called by:
		_main
 This function uses a non-reentrant model


 *************** function ___lwdiv *****************
 Defined at:
		line 5 in file "C:\Program Files (x86)\Microchip\xc8\v2.05\pic\sources\c90\common\lwdiv.c"
 Parameters:    Size  Location     Type
  divisor         2    0[COMMON] unsigned int 
  dividend        2    2[COMMON] unsigned int 
 Auto vars:     Size  Location     Type
  quotient        2    5[COMMON] unsigned int 
  counter         1    7[COMMON] unsigned char 
 Return value:  Size  Location     Type
                  2    0[COMMON] unsigned int 
 Registers used:
		wreg, status,2, status,0
 Tracked objects:
		On entry : 
		On exit  : 
		Unchanged: 
 Data sizes:     COMMON   BANK0   BANK1   BANK3   BANK2
      Params:         4       0       0       0       0
      Locals:         3       0       0       0       0
      Temps:          1       0       0       0       0
      Totals:         8       0       0       0       0
Total ram usage:        8 bytes
 Hardware stack levels used:    1
 This function calls:
		Nothing
 This function is called by:
		_main
 This function uses a non-reentrant model


 *************** function ___fltol *****************
 Defined at:
		line 43 in file "C:\Program Files (x86)\Microchip\xc8\v2.05\pic\sources\c90\common\fltol.c"
 Parameters:    Size  Location     Type
  f1              4    0[COMMON] unsigned int 
 Auto vars:     Size  Location     Type
  exp1            1   10[COMMON] unsigned char 
  sign1           1    9[COMMON] unsigned char 
 Return value:  Size  Location     Type
                  4    0[COMMON] long 
 Registers used:
		wreg, status,2, status,0
 Tracked objects:
		On entry : 
		On exit  : 
		Unchanged: 
 Data sizes:     COMMON   BANK0   BANK1   BANK3   BANK2
      Params:         4       0       0       0       0
      Locals:         2       0       0       0       0
      Temps:          5       0       0       0       0
      Totals:        11       0       0       0       0
Total ram usage:       11 bytes
 Hardware stack levels used:    1
 This function calls:
		Nothing
 This function is called by:
		_main
 This function uses a non-reentrant model


 *************** function _ADC_Read *****************
 Defined at:
		line 43 in file "sun_7seg.c"
 Parameters:    Size  Location     Type
  channel         1    wreg     unsigned char 
 Auto vars:     Size  Location     Type
  channel         1    4[COMMON] unsigned char 
 Return value:  Size  Location     Type
                  2    0[COMMON] unsigned int 
 Registers used:
		wreg, status,2, status,0
 Tracked objects:
		On entry : 
		On exit  : 
		Unchanged: 
 Data sizes:     COMMON   BANK0   BANK1   BANK3   BANK2
      Params:         2       0       0       0       0
      Locals:         1       0       0       0       0
      Temps:          2       0       0       0       0
      Totals:         5       0       0       0       0
Total ram usage:        5 bytes
 Hardware stack levels used:    1
 This function calls:
		Nothing
 This function is called by:
		_main
 This function uses a non-reentrant model


 *************** function _ADC_Initialize *****************
 Defined at:
		line 36 in file "sun_7seg.c"
 Parameters:    Size  Location     Type
		None
 Auto vars:     Size  Location     Type
		None
 Return value:  Size  Location     Type
                  1    wreg      void 
 Registers used:
		wreg
 Tracked objects:
		On entry : 
		On exit  : 
		Unchanged: 
 Data sizes:     COMMON   BANK0   BANK1   BANK3   BANK2
      Params:         0       0       0       0       0
      Locals:         0       0       0       0       0
      Temps:          0       0       0       0       0
      Totals:         0       0       0       0       0
Total ram usage:        0 bytes
 Hardware stack levels used:    1
 This function calls:
		Nothing
 This function is called by:
		_main
 This function uses a non-reentrant model



MODULE INFORMATION

Module		Function		Class		Link	Load	Size
sun_7seg.c
		_ADC_Initialize		CODE           	1000	0000	13
		_main          		CODE           	1E38	0000	2268
		_ADC_Read      		CODE           	1CA8	0000	38

sun_7seg.c estimated size: 2319

C:\Program Files (x86)\Microchip\xc8\v2.05\pic\sources\c90\common\sprcadd.c
		___flsub       		CODE           	1C40	0000	35
		___fladd       		CODE           	133E	0000	568

C:\Program Files (x86)\Microchip\xc8\v2.05\pic\sources\c90\common\sprcadd.c estimated size: 603

C:\Program Files (x86)\Microchip\xc8\v2.05\pic\sources\c90\common\atan.c
		_atan          		CODE           	1575	0000	652

C:\Program Files (x86)\Microchip\xc8\v2.05\pic\sources\c90\common\atan.c estimated size: 652

C:\Program Files (x86)\Microchip\xc8\v2.05\pic\sources\c90\common\lwdiv.c
		___lwdiv       		CODE           	000C	0000	61

C:\Program Files (x86)\Microchip\xc8\v2.05\pic\sources\c90\common\lwdiv.c estimated size: 61

C:\Program Files (x86)\Microchip\xc8\v2.05\pic\sources\c90\common\fltol.c
		___fltol       		CODE           	1DCD	0000	108

C:\Program Files (x86)\Microchip\xc8\v2.05\pic\sources\c90\common\fltol.c estimated size: 108

C:\Program Files (x86)\Microchip\xc8\v2.05\pic\sources\c90\common\asin.c
		_asin          		CODE           	09F7	0000	757

C:\Program Files (x86)\Microchip\xc8\v2.05\pic\sources\c90\common\asin.c estimated size: 757

C:\Program Files (x86)\Microchip\xc8\v2.05\pic\sources\c90\common\Umul16.c
		___wmul        		CODE           	1C62	0000	36

C:\Program Files (x86)\Microchip\xc8\v2.05\pic\sources\c90\common\Umul16.c estimated size: 36

C:\Program Files (x86)\Microchip\xc8\v2.05\pic\sources\c90\common\flge.c
		___flge        		CODE           	1EC8	0000	148

C:\Program Files (x86)\Microchip\xc8\v2.05\pic\sources\c90\common\flge.c estimated size: 148

C:\Program Files (x86)\Microchip\xc8\v2.05\pic\sources\c90\common\evalpoly.c
		_eval_poly     		CODE           	10B6	0000	230

C:\Program Files (x86)\Microchip\xc8\v2.05\pic\sources\c90\common\evalpoly.c estimated size: 230

shared
		__stringtab    		STRING         	0800	0000	7
		atan@coeff_a   		STRING         	0806	0000	25
		atan@coeff_b   		STRING         	081E	0000	21
		__initialization		CODE           	07EC	0000	17

shared estimated size: 70

C:\Program Files (x86)\Microchip\xc8\v2.05\pic\sources\c90\common\sprcmul.c
		___flmul       		CODE           	0CEB	0000	790

C:\Program Files (x86)\Microchip\xc8\v2.05\pic\sources\c90\common\sprcmul.c estimated size: 790

C:\Program Files (x86)\Microchip\xc8\v2.05\pic\sources\c90\common\sprcdiv.c
		___fldiv       		CODE           	119B	0000	420

C:\Program Files (x86)\Microchip\xc8\v2.05\pic\sources\c90\common\sprcdiv.c estimated size: 420

C:\Program Files (x86)\Microchip\xc8\v2.05\pic\sources\c90\common\flneg.c
		___flneg       		CODE           	1C10	0000	12

C:\Program Files (x86)\Microchip\xc8\v2.05\pic\sources\c90\common\flneg.c estimated size: 12

C:\Program Files (x86)\Microchip\xc8\v2.05\pic\sources\c90\common\fabs.c
		_fabs          		CODE           	1CCD	0000	50

C:\Program Files (x86)\Microchip\xc8\v2.05\pic\sources\c90\common\fabs.c estimated size: 50

C:\Program Files (x86)\Microchip\xc8\v2.05\pic\sources\c90\common\Umul8_16.c
		__Umul8_16     		CODE           	1C85	0000	36

C:\Program Files (x86)\Microchip\xc8\v2.05\pic\sources\c90\common\Umul8_16.c estimated size: 36

C:\Program Files (x86)\Microchip\xc8\v2.05\pic\sources\c90\common\sprcsqrt.c
		_sqrt          		CODE           	0835	0000	451

C:\Program Files (x86)\Microchip\xc8\v2.05\pic\sources\c90\common\sprcsqrt.c estimated size: 451

C:\Program Files (x86)\Microchip\xc8\v2.05\pic\sources\c90\common\xxtofl.c
		___xxtofl      		CODE           	1F5B	0000	166

C:\Program Files (x86)\Microchip\xc8\v2.05\pic\sources\c90\common\xxtofl.c estimated size: 166

C:\Program Files (x86)\Microchip\xc8\v2.05\pic\sources\c90\common\acos.c
		_acos          		CODE           	1D7A	0000	84

C:\Program Files (x86)\Microchip\xc8\v2.05\pic\sources\c90\common\acos.c estimated size: 84

C:\Program Files (x86)\Microchip\xc8\v2.05\pic\sources\c90\common\fleq.c
		___fleq        		CODE           	1D30	0000	75

C:\Program Files (x86)\Microchip\xc8\v2.05\pic\sources\c90\common\fleq.c estimated size: 75

C:\Program Files (x86)\Microchip\xc8\v2.05\pic\sources\c90\common\lwmod.c
		___lwmod       		CODE           	1CFE	0000	51

C:\Program Files (x86)\Microchip\xc8\v2.05\pic\sources\c90\common\lwmod.c estimated size: 51

