Microchip MPLAB XC8 Compiler V2.05 ()

Linker command line:

-W-3 --edf=C:\Program Files (x86)\Microchip\xc8\v2.05\pic\dat\en_msgs.txt \
  -cs -h+dist/default/production\Sun_usart.X.production.sym \
  --cmf=dist/default/production\Sun_usart.X.production.cmf -z -Q16F877A \
  -oC:\Users\Upendra\AppData\Local\Temp\saac.2 --defsym=__MPLAB_BUILD=1 \
  -Mdist/default/production/Sun_usart.X.production.map -E1 -ver=XC8 \
  --acfsm=1493 -ASTACK=0110h-016Fh -pstack=STACK -ACODE=00h-07FFhx4 \
  -ASTRCODE=00h-01FFFh -ASTRING=00h-0FFhx32 -ACONST=00h-0FFhx32 \
  -AENTRY=00h-0FFhx32 -ACOMMON=070h-07Fh -ABANK0=020h-06Fh \
  -ABANK1=0A0h-0EFh -ABANK2=0110h-016Fh -ABANK3=0190h-01EFh \
  -ARAM=020h-06Fh,0A0h-0EFh,0110h-016Fh,0190h-01EFh \
  -AABS1=020h-07Fh,0A0h-0EFh,0110h-016Fh,0190h-01EFh -ASFR0=00h-01Fh \
  -ASFR1=080h-09Fh -ASFR2=0100h-010Fh -ASFR3=0180h-018Fh \
  -preset_vec=00h,intentry,init,end_init -ppowerup=CODE -pcinit=CODE \
  -pfunctab=ENTRY -ACONFIG=02007h-02007h -pconfig=CONFIG -DCONFIG=2 \
  -AIDLOC=02000h-02003h -pidloc=IDLOC -DIDLOC=2 -AEEDATA=00h-0FFh/02100h \
  -peeprom_data=EEDATA -DEEDATA=2 -DCODE=2 -DSTRCODE=2 -DSTRING=2 -DCONST=2 \
  -DENTRY=2 -k C:\Users\Upendra\AppData\Local\Temp\saac.o \
  dist/default/production\Sun_usart.X.production.o 

Object code version is 3.11

Machine type is 16F877A



                Name                               Link     Load   Length Selector   Space Scale
C:\Users\Upendra\AppData\Local\Temp\saac.o
                end_init                              0        0        3        0       0
                config                             2007     2007        1     400E       0
dist/default/production\Sun_usart.X.production.o
                cinit                               7F8      7F8        8      FF0       0
                maintext_split_1                   1057     1057      144     20AE       0
                text24                              80A      80A        C     1014       0
                text23                              816      816       25     102C       0
                text22                             1AC7     1AC7       18     358E       0
                text21                                4        4        8        8       0
                text20                             1BD5     1BD5       59     37AA       0
                text19                             1B8A     1B8A       4B     3714       0
                text18                             1B1D     1B1D       23     363A       0
                text17                              CEB      CEB      315     19D6       0
                text16                             133E     133E      237     267C       0
                text15                             1AFB     1AFB       22     35F6       0
                text14                             1C2E     1C2E       8D     385C       0
                text13                             1D4E     1D4E       A5     3A9C       0
                text12                             1ED8     1ED8      128     3DB0       0
                text11                             1ADF     1ADF       1C     35BE       0
                text10                             119B     119B      1A3     2336       0
                text9                              1B40     1B40       4A     3680       0
                text8                              1DF3     1DF3       E5     3BE6       0
                text7                              1CBB     1CBB       93     3976       0
                text6                              1ABC     1ABC        B     3578       0
                text5                                 C        C       31       18       0
                text4                              1575     1575      28B     2AEA       0
                text3                               83B      83B      1BE     1076       0
                text2                               9F9      9F9      2F2     13F2       0
                text1                              1004     1004       53     2008       0
                maintext                             3D       3D      7BB       7A       0
                cstackBANK0                          20       20       50       20       1
                cstackCOMMON                         70       70        E       70       1
                cstackBANK1                          A0       A0       42       A0       1
                cstackBANK3                         190      190       50      190       1
                bssBANK1                             E2       E2        2       A0       1
                strings                            1800     1800       9A     3000       0

TOTAL           Name                               Link     Load   Length     Space
        CLASS   STACK          

        CLASS   CODE           
                end_init                              0        0        3         0
                cinit                               7F8      7F8        8         0
                maintext_split_1                   1057     1057      144         0
                text24                              80A      80A        C         0
                text23                              816      816       25         0
                text22                             1AC7     1AC7       18         0
                text21                                4        4        8         0
                text20                             1BD5     1BD5       59         0
                text19                             1B8A     1B8A       4B         0
                text18                             1B1D     1B1D       23         0
                text17                              CEB      CEB      315         0
                text16                             133E     133E      237         0
                text15                             1AFB     1AFB       22         0
                text14                             1C2E     1C2E       8D         0
                text13                             1D4E     1D4E       A5         0
                text12                             1ED8     1ED8      128         0
                text11                             1ADF     1ADF       1C         0
                text10                             119B     119B      1A3         0
                text9                              1B40     1B40       4A         0
                text8                              1DF3     1DF3       E5         0
                text7                              1CBB     1CBB       93         0
                text6                              1ABC     1ABC        B         0
                text5                                 C        C       31         0
                text4                              1575     1575      28B         0
                text3                               83B      83B      1BE         0
                text2                               9F9      9F9      2F2         0
                text1                              1004     1004       53         0
                maintext                             3D       3D      7BB         0

        CLASS   STRCODE        

        CLASS   STRING         
                strings                            1800     1800       9A         0

        CLASS   CONST          

        CLASS   ENTRY          

        CLASS   COMMON         
                cstackCOMMON                         70       70        E         1

        CLASS   BANK0          
                cstackBANK0                          20       20       50         1

        CLASS   BANK1          
                cstackBANK1                          A0       A0       42         1
                bssBANK1                             E2       E2        2         1

        CLASS   BANK2          

        CLASS   BANK3          
                cstackBANK3                         190      190       50         1

        CLASS   RAM            

        CLASS   ABS1           
                abs_s1                               7E       7E        2         1

        CLASS   SFR0           

        CLASS   SFR1           

        CLASS   SFR2           

        CLASS   SFR3           

        CLASS   CONFIG         
                config                             2007     2007        1         0

        CLASS   IDLOC          

        CLASS   EEDATA         



SEGMENTS        Name                           Load    Length   Top    Selector   Space  Class     Delta

                reset_vec                      000000  000003  000003         0       0  CODE        2
                text21                         000004  000008  00000C         8       0  CODE        2
                text5                          00000C  000031  00003D        18       0  CODE        2
                cstackBANK0                    000020  000050  000070        20       1  BANK0       1
                cstackCOMMON                   000070  00000E  00007E        70       1  COMMON      1
                maintext                       00003D  0007BB  0007F8        7A       0  CODE        2
                cstackBANK1                    0000A0  000044  0000E4        A0       1  BANK1       1
                cstackBANK3                    000190  000050  0001E0       190       1  BANK3       1
                cinit                          0007F8  000008  000800       FF0       0  CODE        2
                text24                         00080A  00000C  000816      1014       0  CODE        2
                text23                         000816  000025  00083B      102C       0  CODE        2
                text3                          00083B  0001BE  0009F9      1076       0  CODE        2
                text2                          0009F9  0002F2  000CEB      13F2       0  CODE        2
                text17                         000CEB  000315  001000      19D6       0  CODE        2
                text1                          001004  000053  001057      2008       0  CODE        2
                maintext_split_1               001057  000144  00119B      20AE       0  CODE        2
                text10                         00119B  0001A3  00133E      2336       0  CODE        2
                text16                         00133E  000237  001575      267C       0  CODE        2
                text4                          001575  00028B  001800      2AEA       0  CODE        2
                strings                        001800  00009A  00189A      3000       0  STRING      2
                text6                          001ABC  00000B  001AC7      3578       0  CODE        2
                text22                         001AC7  000018  001ADF      358E       0  CODE        2
                text11                         001ADF  00001C  001AFB      35BE       0  CODE        2
                text15                         001AFB  000022  001B1D      35F6       0  CODE        2
                text18                         001B1D  000023  001B40      363A       0  CODE        2
                text9                          001B40  00004A  001B8A      3680       0  CODE        2
                text19                         001B8A  00004B  001BD5      3714       0  CODE        2
                text20                         001BD5  000059  001C2E      37AA       0  CODE        2
                text14                         001C2E  00008D  001CBB      385C       0  CODE        2
                text7                          001CBB  000093  001D4E      3976       0  CODE        2
                text13                         001D4E  0000A5  001DF3      3A9C       0  CODE        2
                text8                          001DF3  0000E5  001ED8      3BE6       0  CODE        2
                text12                         001ED8  000128  002000      3DB0       0  CODE        2
                config                         002007  000001  002008      400E       0  CONFIG      2


UNUSED ADDRESS RANGES

        Name                Unused          Largest block    Delta
        BANK1            000E4-000EF               C           1
        BANK2            00110-0016F              60           1
        BANK3            001E0-001EF              10           1
        CODE             00003-00003               1           2
                         00800-00809               A
                         01000-01003               4
                         0189A-01ABB             222
        CONST            00003-00003               1           2
                         00800-00809               A
                         01000-01003               4
                         0189A-01ABB             100
        EEDATA           02100-021FF             100           2
        ENTRY            00003-00003               1           2
                         00800-00809               A
                         01000-01003               4
                         0189A-01ABB             100
        IDLOC            02000-02003               4           2
        RAM              000E4-000EF               C           1
                         00110-0016F              60
                         001E0-001EF              10
        SFR0             00000-0001F              20           1
        SFR1             00080-0009F              20           1
        SFR2             00100-0010F              10           1
        SFR3             00180-0018F              10           1
        STACK            00110-0016F              60           1
        STRCODE          00003-00003               1           2
                         00800-00809               A
                         01000-01003               4
                         0189A-01ABB             222
        STRING           00003-00003               1           2
                         00800-00809               A
                         01000-01003               4
                         0189A-01ABB             100

                                  Symbol Table

?_ADC_Read                 cstackCOMMON     00070
?__Umul8_16                cstackCOMMON     00070
?___awdiv                  cstackCOMMON     00070
?___awmod                  cstackCOMMON     00070
?___fladd                  cstackBANK0      00020
?___fldiv                  cstackBANK0      00034
?___flmul                  cstackBANK0      0004E
?___flneg                  cstackBANK0      00030
?___flsub                  cstackBANK0      00068
?___fltol                  cstackBANK0      00068
?___xxtofl                 cstackCOMMON     00075
?_acos                     cstackBANK1      000D6
?_asin                     cstackBANK1      000BE
?_atan                     cstackBANK1      000A9
?_eval_poly                cstackBANK0      00068
?_fabs                     cstackBANK0      00034
?_sqrt                     cstackBANK1      000A0
ADC_Read@channel           cstackCOMMON     00074
UART_send_char@bt          cstackCOMMON     00070
UART_send_float@bt         cstackBANK1      000A5
UART_send_float@f          cstackBANK1      000A9
UART_send_float@fval       cstackBANK1      000B1
UART_send_float@fval1      cstackBANK1      000AF
UART_send_float@ival       cstackBANK1      000B3
UART_send_float@ival1      cstackBANK1      000AD
UART_send_string@st_pt     cstackCOMMON     00072
_ADCON0                    (abs)            0001F
_ADCON1                    (abs)            0009F
_ADC_Initialize            text24           0080A
_ADC_Read                  text23           00816
_ADON                      (abs)            000F8
_ADRESH                    (abs)            0001E
_ADRESL                    (abs)            0009E
_BRGH                      (abs)            004C2
_CREN                      (abs)            000C4
_GO_nDONE                  (abs)            000FA
_Initialize_UART           text22           01AC7
_RX9                       (abs)            000C6
_SPBRG                     (abs)            00099
_SPEN                      (abs)            000C7
_SYNC                      (abs)            004C4
_TRISB                     (abs)            00086
_TRISB0                    (abs)            00430
_TRISC6                    (abs)            0043E
_TRISC7                    (abs)            0043F
_TX9                       (abs)            004C6
_TXEN                      (abs)            004C5
_TXIF                      (abs)            00064
_TXREG                     (abs)            00019
_UART_send_char            text21           00004
_UART_send_float           text12           01ED8
_UART_send_string          text11           01ADF
__CFG_BOREN$ON             (abs)            00000
__CFG_CP$OFF               (abs)            00000
__CFG_CPD$OFF              (abs)            00000
__CFG_FOSC$HS              (abs)            00000
__CFG_LVP$OFF              (abs)            00000
__CFG_PWRTE$OFF            (abs)            00000
__CFG_WDTE$OFF             (abs)            00000
__CFG_WRT$OFF              (abs)            00000
__Habs1                    abs1             00000
__Hbank0                   bank0            00000
__Hbank1                   bank1            00000
__Hbank2                   bank2            00000
__Hbank3                   bank3            00000
__HbssBANK1                bssBANK1         00000
__Hcinit                   cinit            00800
__Hclrtext                 clrtext          00000
__Hcode                    code             00000
__Hcommon                  common           00000
__Hconfig                  config           02008
__HcstackBANK0             cstackBANK0      00000
__HcstackBANK1             cstackBANK1      00000
__HcstackBANK3             cstackBANK3      00000
__HcstackCOMMON            cstackCOMMON     00000
__Heeprom_data             eeprom_data      00000
__Hend_init                end_init         00003
__Hfunctab                 functab          00000
__Hidloc                   idloc            00000
__Hinit                    init             00000
__Hintentry                intentry         00000
__Hmaintext                maintext         00000
__Hmaintext_split_1        maintext_split_1 00000
__Hpowerup                 powerup          00000
__Hram                     ram              00000
__Hreset_vec               reset_vec        00000
__Hsfr0                    sfr0             00000
__Hsfr1                    sfr1             00000
__Hsfr2                    sfr2             00000
__Hsfr3                    sfr3             00000
__Hspace_0                 (abs)            02008
__Hspace_1                 (abs)            001E0
__Hspace_2                 (abs)            00000
__Hspace_3                 (abs)            00000
__Hstack                   stack            00000
__Hstrings                 strings          00000
__Htext                    text             00000
__Labs1                    abs1             00000
__Lbank0                   bank0            00000
__Lbank1                   bank1            00000
__Lbank2                   bank2            00000
__Lbank3                   bank3            00000
__LbssBANK1                bssBANK1         00000
__Lcinit                   cinit            007F8
__Lclrtext                 clrtext          00000
__Lcode                    code             00000
__Lcommon                  common           00000
__Lconfig                  config           02007
__LcstackBANK0             cstackBANK0      00000
__LcstackBANK1             cstackBANK1      00000
__LcstackBANK3             cstackBANK3      00000
__LcstackCOMMON            cstackCOMMON     00000
__Leeprom_data             eeprom_data      00000
__Lend_init                end_init         00000
__Lfunctab                 functab          00000
__Lidloc                   idloc            00000
__Linit                    init             00000
__Lintentry                intentry         00000
__Lmaintext                maintext         00000
__Lmaintext_split_1        maintext_split_1 00000
__Lpowerup                 powerup          00000
__Lram                     ram              00000
__Lreset_vec               reset_vec        00000
__Lsfr0                    sfr0             00000
__Lsfr1                    sfr1             00000
__Lsfr2                    sfr2             00000
__Lsfr3                    sfr3             00000
__Lspace_0                 (abs)            00000
__Lspace_1                 (abs)            00000
__Lspace_2                 (abs)            00000
__Lspace_3                 (abs)            00000
__Lstack                   stack            00000
__Lstrings                 strings          00000
__Ltext                    text             00000
__S0                       (abs)            02008
__S1                       (abs)            001E0
__S2                       (abs)            00000
__S3                       (abs)            00000
__Umul8_16                 text18           01B1D
__Umul8_16@multiplicand    cstackCOMMON     00070
__Umul8_16@multiplier      cstackCOMMON     00078
__Umul8_16@product         cstackCOMMON     00074
__Umul8_16@word_mpld       cstackCOMMON     00076
___awdiv                   text20           01BD5
___awdiv@counter           cstackCOMMON     00075
___awdiv@dividend          cstackCOMMON     00072
___awdiv@divisor           cstackCOMMON     00070
___awdiv@quotient          cstackCOMMON     00077
___awdiv@sign              cstackCOMMON     00076
___awmod                   text19           01B8A
___awmod@counter           cstackCOMMON     00075
___awmod@dividend          cstackCOMMON     00072
___awmod@divisor           cstackCOMMON     00070
___awmod@sign              cstackCOMMON     00076
___fladd                   text16           0133E
___fladd@a                 cstackBANK0      00024
___fladd@aexp              cstackCOMMON     0007A
___fladd@b                 cstackBANK0      00020
___fladd@bexp              cstackCOMMON     0007B
___fladd@grs               cstackCOMMON     0007C
___fladd@signs             cstackCOMMON     00079
___fldiv                   text10           0119B
___fldiv@a                 cstackBANK0      00034
___fldiv@aexp              cstackBANK0      0004D
___fldiv@b                 cstackBANK0      00038
___fldiv@bexp              cstackBANK0      0004C
___fldiv@grs               cstackBANK0      00048
___fldiv@new_exp           cstackBANK0      00046
___fldiv@rem               cstackBANK0      00041
___fldiv@sign              cstackBANK0      00045
___fleq                    text9            01B40
___fleq@ff1                cstackBANK0      00038
___fleq@ff2                cstackBANK0      0003C
___flge                    text7            01CBB
___flge@ff1                cstackCOMMON     00070
___flge@ff2                cstackCOMMON     00074
___flmul                   text17           00CEB
___flmul@a                 cstackBANK0      00052
___flmul@aexp              cstackBANK0      00060
___flmul@b                 cstackBANK0      0004E
___flmul@bexp              cstackBANK0      00061
___flmul@grs               cstackBANK0      0005C
___flmul@prod              cstackBANK0      00062
___flmul@sign              cstackBANK0      0005B
___flmul@temp              cstackBANK0      00066
___flneg                   text6            01ABC
___flneg@f1                cstackBANK0      00030
___flsub                   text15           01AFB
___flsub@a                 cstackBANK0      00068
___flsub@b                 cstackBANK0      0006C
___fltol                   text14           01C2E
___fltol@exp1              cstackBANK0      0006D
___fltol@f1                cstackBANK0      00068
___fltol@sign1             cstackBANK0      0006C
___int_sp                  stack            00000
___latbits                 (abs)            00002
___sp                      stack            00000
___stackhi                 (abs)            00000
___stacklo                 (abs)            00000
___xxtofl                  text13           01D4E
___xxtofl@arg              cstackBANK0      00022
___xxtofl@exp              cstackBANK0      00021
___xxtofl@sign             cstackBANK0      00020
___xxtofl@val              cstackCOMMON     00075
__end_of_ADC_Initialize    text24           00816
__end_of_ADC_Read          text23           0083B
__end_of_Initialize_UART   text22           01ADF
__end_of_UART_send_char    text21           0000C
__end_of_UART_send_float   text12           02000
__end_of_UART_send_string  text11           01AFB
__end_of__Umul8_16         text18           01B40
__end_of___awdiv           text20           01C2E
__end_of___awmod           text19           01BD5
__end_of___fladd           text16           01575
__end_of___fldiv           text10           0133E
__end_of___fleq            text9            01B8A
__end_of___flge            text7            01D4E
__end_of___flmul           text17           01000
__end_of___flneg           text6            01AC7
__end_of___flsub           text15           01B1D
__end_of___fltol           text14           01CBB
__end_of___xxtofl          text13           01DF3
__end_of__initialization   cinit            007FC
__end_of__stringtab        strings          01806
__end_of_acos              text1            01057
__end_of_asin              text2            00CEB
__end_of_atan              text4            01800
__end_of_eval_poly         text8            01ED8
__end_of_fabs              text5            0003D
__end_of_main              maintext_split_1 0119B
__end_of_sqrt              text3            009F9
__end_ofatan@coeff_a       strings          0181E
__end_ofatan@coeff_b       strings          01832
__initialization           cinit            007F8
__pbssBANK1                bssBANK1         000E2
__pcstackBANK0             cstackBANK0      00020
__pcstackBANK1             cstackBANK1      000A0
__pcstackBANK3             cstackBANK3      00190
__pcstackCOMMON            cstackCOMMON     00070
__pmaintext                maintext         0003D
__pstrings                 strings          01800
__ptext1                   text1            01004
__ptext10                  text10           0119B
__ptext11                  text11           01ADF
__ptext12                  text12           01ED8
__ptext13                  text13           01D4E
__ptext14                  text14           01C2E
__ptext15                  text15           01AFB
__ptext16                  text16           0133E
__ptext17                  text17           00CEB
__ptext18                  text18           01B1D
__ptext19                  text19           01B8A
__ptext2                   text2            009F9
__ptext20                  text20           01BD5
__ptext21                  text21           00004
__ptext22                  text22           01AC7
__ptext23                  text23           00816
__ptext24                  text24           0080A
__ptext3                   text3            0083B
__ptext4                   text4            01575
__ptext5                   text5            0000C
__ptext6                   text6            01ABC
__ptext7                   text7            01CBB
__ptext8                   text8            01DF3
__ptext9                   text9            01B40
__size_of_ADC_Initialize   (abs)            00000
__size_of_ADC_Read         (abs)            00000
__size_of_Initialize_UART  (abs)            00000
__size_of_UART_send_char   (abs)            00000
__size_of_UART_send_float  (abs)            00000
__size_of_UART_send_string (abs)            00000
__size_of__Umul8_16        (abs)            00000
__size_of___awdiv          (abs)            00000
__size_of___awmod          (abs)            00000
__size_of___fladd          (abs)            00000
__size_of___fldiv          (abs)            00000
__size_of___fleq           (abs)            00000
__size_of___flge           (abs)            00000
__size_of___flmul          (abs)            00000
__size_of___flneg          (abs)            00000
__size_of___flsub          (abs)            00000
__size_of___fltol          (abs)            00000
__size_of___xxtofl         (abs)            00000
__size_of_acos             (abs)            00000
__size_of_asin             (abs)            00000
__size_of_atan             (abs)            00000
__size_of_eval_poly        (abs)            00000
__size_of_fabs             (abs)            00000
__size_of_main             (abs)            00000
__size_of_sqrt             (abs)            00000
__stringbase               strings          01805
__stringtab                strings          01800
_acos                      text1            01004
_acos$832                  cstackBANK1      000DA
_asin                      text2            009F9
_asin$833                  cstackBANK1      000C6
_asin$834                  cstackBANK1      000D2
_asin$835                  cstackBANK1      000CA
_atan                      text4            01575
_errno                     bssBANK1         000E2
_eval_poly                 text8            01DF3
_fabs                      text5            0000C
_main                      maintext         0003D
_main$827                  cstackBANK3      001A4
_main$828                  cstackBANK3      001A8
_main$829                  cstackBANK3      001AC
_main$830                  cstackBANK3      001D8
_main$831                  cstackBANK3      001DC
_sqrt                      text3            0083B
acos@x                     cstackBANK1      000D6
asin@x                     cstackBANK1      000BE
asin@y                     cstackBANK1      000CE
atan@coeff_a               strings          01806
atan@coeff_b               strings          0181E
atan@f                     cstackBANK1      000A9
atan@recip                 cstackBANK1      000B5
atan@val                   cstackBANK1      000BA
atan@val_squared           cstackBANK1      000B6
atan@x                     cstackBANK1      000B1
atan@y                     cstackBANK1      000AD
btemp                      (abs)            0007E
end_of_initialization      cinit            007FC
eval_poly@d                cstackBANK0      0006C
eval_poly@n                cstackBANK0      0006D
eval_poly@res              cstackBANK1      000A5
eval_poly@x                cstackBANK0      00068
fabs@d                     cstackBANK0      00034
intlevel0                  functab          00000
intlevel1                  functab          00000
intlevel2                  functab          00000
intlevel3                  functab          00000
intlevel4                  functab          00000
intlevel5                  functab          00000
main@A                     cstackBANK3      00190
main@B                     cstackBANK3      00194
main@C                     cstackBANK3      00198
main@D                     cstackBANK3      0019C
main@E                     cstackBANK3      001A0
main@flag                  cstackBANK3      001B0
main@i                     cstackBANK3      001B2
main@i_103                 cstackBANK3      001B6
main@i_106                 cstackBANK3      001B8
main@i_109                 cstackBANK3      001BA
main@i_112                 cstackBANK3      001BC
main@i_115                 cstackBANK3      001BE
main@i_98                  cstackBANK3      001B4
main@negx                  cstackBANK3      001CC
main@negy                  cstackBANK3      001D0
main@r                     cstackBANK3      001D4
main@x                     cstackBANK3      001C0
main@y                     cstackBANK3      001C4
main@z                     cstackBANK3      001C8
pnum$maintext              (abs)            00009
pnum$maintext_split_1      (abs)            00022
psplit$0                   (abs)            90022
reset_vec                  reset_vec        00000
sqrt@a                     cstackBANK1      000A0
sqrt@exp                   cstackBANK1      000B3
sqrt@frac                  cstackBANK1      000B9
sqrt@grs                   cstackBANK1      000AF
sqrt@i                     cstackBANK1      000A9
sqrt@p                     cstackBANK1      000AE
sqrt@root                  cstackBANK1      000B5
sqrt@sign                  cstackBANK1      000A8
sqrt@tfrac                 cstackBANK1      000AA
start                      init             00000
start_initialization       cinit            007F8
wtemp0                     (abs)            0007E


FUNCTION INFORMATION:

 *************** function _main *****************
 Defined at:
		line 110 in file "sun_usart.c"
 Parameters:    Size  Location     Type
		None
 Auto vars:     Size  Location     Type
  i               2   46[BANK3 ] int 
  i               2   44[BANK3 ] int 
  i               2   42[BANK3 ] int 
  i               2   40[BANK3 ] int 
  i               2   38[BANK3 ] int 
  i               2   36[BANK3 ] int 
  i               2   34[BANK3 ] int 
  r               4   68[BANK3 ] float 
  negy            4   64[BANK3 ] float 
  negx            4   60[BANK3 ] float 
  z               4   56[BANK3 ] float 
  y               4   52[BANK3 ] float 
  x               4   48[BANK3 ] float 
  E               4   16[BANK3 ] float 
  D               4   12[BANK3 ] float 
  C               4    8[BANK3 ] float 
  B               4    4[BANK3 ] float 
  A               4    0[BANK3 ] float 
  flag            2   32[BANK3 ] short 
 Return value:  Size  Location     Type
                  1    wreg      void 
 Registers used:
		wreg, fsr0l, fsr0h, status,2, status,0, btemp+1, pclath, cstack
 Tracked objects:
		On entry : 
		On exit  : 
		Unchanged: 
 Data sizes:     COMMON   BANK0   BANK1   BANK3   BANK2
      Params:         0       0       0       0       0
      Locals:         0       0       0      80       0
      Temps:          0       0       4       0       0
      Totals:         0       0       4      80       0
Total ram usage:       84 bytes
 Hardware stack levels required when called:    6
 This function calls:
		_ADC_Initialize
		_ADC_Read
		_Initialize_UART
		_UART_send_char
		_UART_send_float
		_UART_send_string
		___fladd
		___fldiv
		___flmul
		___xxtofl
		_acos
		_sqrt
 This function is called by:
		Startup code after reset
 This function uses a non-reentrant model


 *************** function _acos *****************
 Defined at:
		line 8 in file "C:\Program Files (x86)\Microchip\xc8\v2.05\pic\sources\c90\common\acos.c"
 Parameters:    Size  Location     Type
  x               4   54[BANK1 ] void 
 Auto vars:     Size  Location     Type
		None
 Return value:  Size  Location     Type
                  4   54[BANK1 ] void 
 Registers used:
		wreg, fsr0l, fsr0h, status,2, status,0, btemp+1, pclath, cstack
 Tracked objects:
		On entry : 
		On exit  : 
		Unchanged: 
 Data sizes:     COMMON   BANK0   BANK1   BANK3   BANK2
      Params:         0       0       4       0       0
      Locals:         0       0       4       0       0
      Temps:          0       0       0       0       0
      Totals:         0       0       8       0       0
Total ram usage:        8 bytes
 Hardware stack levels used:    1
 Hardware stack levels required when called:    5
 This function calls:
		___flsub
		_asin
 This function is called by:
		_main
 This function uses a non-reentrant model


 *************** function _asin *****************
 Defined at:
		line 9 in file "C:\Program Files (x86)\Microchip\xc8\v2.05\pic\sources\c90\common\asin.c"
 Parameters:    Size  Location     Type
  x               4   30[BANK1 ] void 
 Auto vars:     Size  Location     Type
  y               4   46[BANK1 ] void 
  sgn             4    0        void 
 Return value:  Size  Location     Type
                  4   30[BANK1 ] void 
 Registers used:
		wreg, fsr0l, fsr0h, status,2, status,0, btemp+1, pclath, cstack
 Tracked objects:
		On entry : 
		On exit  : 
		Unchanged: 
 Data sizes:     COMMON   BANK0   BANK1   BANK3   BANK2
      Params:         0       0       4       0       0
      Locals:         0       0      20       0       0
      Temps:          0       0       0       0       0
      Totals:         0       0      24       0       0
Total ram usage:       24 bytes
 Hardware stack levels used:    1
 Hardware stack levels required when called:    4
 This function calls:
		___fldiv
		___flge
		___flmul
		___flneg
		___flsub
		_atan
		_fabs
		_sqrt
 This function is called by:
		_acos
 This function uses a non-reentrant model


 *************** function _sqrt *****************
 Defined at:
		line 9 in file "C:\Program Files (x86)\Microchip\xc8\v2.05\pic\sources\c90\common\sprcsqrt.c"
 Parameters:    Size  Location     Type
  a               4    0[BANK1 ] void 
 Auto vars:     Size  Location     Type
  frac            4   25[BANK1 ] unsigned long 
  root            4   21[BANK1 ] struct .
  grs             4   15[BANK1 ] unsigned long 
  tfrac           4   10[BANK1 ] unsigned long 
  exp             2   19[BANK1 ] int 
  p               1   14[BANK1 ] unsigned char 
  i               1    9[BANK1 ] unsigned char 
  sign            1    8[BANK1 ] unsigned char 
 Return value:  Size  Location     Type
                  4    0[BANK1 ] unsigned char 
 Registers used:
		wreg, status,2, status,0, btemp+1
 Tracked objects:
		On entry : 
		On exit  : 
		Unchanged: 
 Data sizes:     COMMON   BANK0   BANK1   BANK3   BANK2
      Params:         0       0       4       0       0
      Locals:         0       0      21       0       0
      Temps:          0       0       4       0       0
      Totals:         0       0      29       0       0
Total ram usage:       29 bytes
 Hardware stack levels used:    1
 This function calls:
		Nothing
 This function is called by:
		_main
		_asin
 This function uses a non-reentrant model


 *************** function _atan *****************
 Defined at:
		line 8 in file "C:\Program Files (x86)\Microchip\xc8\v2.05\pic\sources\c90\common\atan.c"
 Parameters:    Size  Location     Type
  f               4    9[BANK1 ] unsigned char 
 Auto vars:     Size  Location     Type
  val             4   26[BANK1 ] unsigned char 
  val_squared     4   22[BANK1 ] unsigned char 
  x               4   17[BANK1 ] unsigned char 
  y               4   13[BANK1 ] unsigned char 
  recip           1   21[BANK1 ] unsigned char 
 Return value:  Size  Location     Type
                  4    9[BANK1 ] unsigned char 
 Registers used:
		wreg, fsr0l, fsr0h, status,2, status,0, btemp+1, pclath, cstack
 Tracked objects:
		On entry : 
		On exit  : 
		Unchanged: 
 Data sizes:     COMMON   BANK0   BANK1   BANK3   BANK2
      Params:         0       0       4       0       0
      Locals:         0       0      17       0       0
      Temps:          1       0       0       0       0
      Totals:         1       0      21       0       0
Total ram usage:       22 bytes
 Hardware stack levels used:    1
 Hardware stack levels required when called:    3
 This function calls:
		___fldiv
		___fleq
		___flge
		___flmul
		___flneg
		___flsub
		_eval_poly
		_fabs
 This function is called by:
		_asin
 This function uses a non-reentrant model


 *************** function _fabs *****************
 Defined at:
		line 4 in file "C:\Program Files (x86)\Microchip\xc8\v2.05\pic\sources\c90\common\fabs.c"
 Parameters:    Size  Location     Type
  d               4   20[BANK0 ] unsigned char 
 Auto vars:     Size  Location     Type
		None
 Return value:  Size  Location     Type
                  4   20[BANK0 ] unsigned char 
 Registers used:
		wreg, status,2, status,0, pclath, cstack
 Tracked objects:
		On entry : 
		On exit  : 
		Unchanged: 
 Data sizes:     COMMON   BANK0   BANK1   BANK3   BANK2
      Params:         0       4       0       0       0
      Locals:         0       0       0       0       0
      Temps:          0       0       0       0       0
      Totals:         0       4       0       0       0
Total ram usage:        4 bytes
 Hardware stack levels used:    1
 Hardware stack levels required when called:    1
 This function calls:
		___flge
		___flneg
 This function is called by:
		_asin
		_atan
 This function uses a non-reentrant model


 *************** function ___flneg *****************
 Defined at:
		line 15 in file "C:\Program Files (x86)\Microchip\xc8\v2.05\pic\sources\c90\common\flneg.c"
 Parameters:    Size  Location     Type
  f1              4   16[BANK0 ] unsigned char 
 Auto vars:     Size  Location     Type
		None
 Return value:  Size  Location     Type
                  4   16[BANK0 ] unsigned char 
 Registers used:
		wreg
 Tracked objects:
		On entry : 
		On exit  : 
		Unchanged: 
 Data sizes:     COMMON   BANK0   BANK1   BANK3   BANK2
      Params:         0       4       0       0       0
      Locals:         0       0       0       0       0
      Temps:          0       0       0       0       0
      Totals:         0       4       0       0       0
Total ram usage:        4 bytes
 Hardware stack levels used:    1
 This function calls:
		Nothing
 This function is called by:
		_asin
		_atan
		_fabs
 This function uses a non-reentrant model


 *************** function ___flge *****************
 Defined at:
		line 4 in file "C:\Program Files (x86)\Microchip\xc8\v2.05\pic\sources\c90\common\flge.c"
 Parameters:    Size  Location     Type
  ff1             4    0[COMMON] unsigned char 
  ff2             4    4[COMMON] unsigned char 
 Auto vars:     Size  Location     Type
		None
 Return value:  Size  Location     Type
		None               void
 Registers used:
		wreg, status,2, status,0
 Tracked objects:
		On entry : 
		On exit  : 
		Unchanged: 
 Data sizes:     COMMON   BANK0   BANK1   BANK3   BANK2
      Params:         8       0       0       0       0
      Locals:         0       0       0       0       0
      Temps:          4       0       0       0       0
      Totals:        12       0       0       0       0
Total ram usage:       12 bytes
 Hardware stack levels used:    1
 This function calls:
		Nothing
 This function is called by:
		_asin
		_atan
		_fabs
 This function uses a non-reentrant model


 *************** function _eval_poly *****************
 Defined at:
		line 4 in file "C:\Program Files (x86)\Microchip\xc8\v2.05\pic\sources\c90\common\evalpoly.c"
 Parameters:    Size  Location     Type
  x               4   72[BANK0 ] unsigned char 
  d               1   76[BANK0 ] PTR const 
		 -> atan@coeff_a(24), atan@coeff_b(20), 
  n               2   77[BANK0 ] int 
 Auto vars:     Size  Location     Type
  res             4    5[BANK1 ] int 
 Return value:  Size  Location     Type
                  4   72[BANK0 ] int 
 Registers used:
		wreg, fsr0l, fsr0h, status,2, status,0, btemp+1, pclath, cstack
 Tracked objects:
		On entry : 
		On exit  : 
		Unchanged: 
 Data sizes:     COMMON   BANK0   BANK1   BANK3   BANK2
      Params:         0       7       0       0       0
      Locals:         0       0       4       0       0
      Temps:          0       0       5       0       0
      Totals:         0       7       9       0       0
Total ram usage:       16 bytes
 Hardware stack levels used:    1
 Hardware stack levels required when called:    2
 This function calls:
		___fladd
		___flmul
 This function is called by:
		_atan
 This function uses a non-reentrant model


 *************** function ___fleq *****************
 Defined at:
		line 4 in file "C:\Program Files (x86)\Microchip\xc8\v2.05\pic\sources\c90\common\fleq.c"
 Parameters:    Size  Location     Type
  ff1             4   24[BANK0 ] int 
  ff2             4   28[BANK0 ] int 
 Auto vars:     Size  Location     Type
		None
 Return value:  Size  Location     Type
		None               void
 Registers used:
		wreg, status,2, status,0
 Tracked objects:
		On entry : 
		On exit  : 
		Unchanged: 
 Data sizes:     COMMON   BANK0   BANK1   BANK3   BANK2
      Params:         0       8       0       0       0
      Locals:         0       0       0       0       0
      Temps:          0       4       0       0       0
      Totals:         0      12       0       0       0
Total ram usage:       12 bytes
 Hardware stack levels used:    1
 This function calls:
		Nothing
 This function is called by:
		_atan
 This function uses a non-reentrant model


 *************** function ___fldiv *****************
 Defined at:
		line 8 in file "C:\Program Files (x86)\Microchip\xc8\v2.05\pic\sources\c90\common\sprcdiv.c"
 Parameters:    Size  Location     Type
  a               4   20[BANK0 ] int 
  b               4   24[BANK0 ] int 
 Auto vars:     Size  Location     Type
  grs             4   40[BANK0 ] unsigned long 
  rem             4   33[BANK0 ] unsigned long 
  new_exp         2   38[BANK0 ] int 
  aexp            1   45[BANK0 ] unsigned char 
  bexp            1   44[BANK0 ] unsigned char 
  sign            1   37[BANK0 ] unsigned char 
 Return value:  Size  Location     Type
                  4   20[BANK0 ] unsigned char 
 Registers used:
		wreg, status,2, status,0, btemp+1
 Tracked objects:
		On entry : 
		On exit  : 
		Unchanged: 
 Data sizes:     COMMON   BANK0   BANK1   BANK3   BANK2
      Params:         0       8       0       0       0
      Locals:         0      13       0       0       0
      Temps:          0       5       0       0       0
      Totals:         0      26       0       0       0
Total ram usage:       26 bytes
 Hardware stack levels used:    1
 This function calls:
		Nothing
 This function is called by:
		_main
		_asin
		_atan
 This function uses a non-reentrant model


 *************** function _UART_send_string *****************
 Defined at:
		line 90 in file "sun_usart.c"
 Parameters:    Size  Location     Type
  st_pt           1    wreg     PTR unsigned char 
		 -> STR_14(2), STR_13(13), STR_12(2), STR_11(14), 
		 -> STR_10(2), STR_9(10), STR_8(2), STR_7(10), 
		 -> STR_6(2), STR_5(10), STR_4(2), STR_3(22), 
		 -> STR_2(2), STR_1(35), 
 Auto vars:     Size  Location     Type
  st_pt           1    2[COMMON] PTR unsigned char 
		 -> STR_14(2), STR_13(13), STR_12(2), STR_11(14), 
		 -> STR_10(2), STR_9(10), STR_8(2), STR_7(10), 
		 -> STR_6(2), STR_5(10), STR_4(2), STR_3(22), 
		 -> STR_2(2), STR_1(35), 
 Return value:  Size  Location     Type
                  1    wreg      void 
 Registers used:
		wreg, fsr0l, fsr0h, status,2, status,0, pclath, cstack
 Tracked objects:
		On entry : 
		On exit  : 
		Unchanged: 
 Data sizes:     COMMON   BANK0   BANK1   BANK3   BANK2
      Params:         0       0       0       0       0
      Locals:         1       0       0       0       0
      Temps:          1       0       0       0       0
      Totals:         2       0       0       0       0
Total ram usage:        2 bytes
 Hardware stack levels used:    1
 Hardware stack levels required when called:    1
 This function calls:
		_UART_send_char
 This function is called by:
		_main
 This function uses a non-reentrant model


 *************** function _UART_send_float *****************
 Defined at:
		line 95 in file "sun_usart.c"
 Parameters:    Size  Location     Type
  bt              4    5[BANK1 ] float 
 Auto vars:     Size  Location     Type
  f               4    9[BANK1 ] float 
  ival            2   19[BANK1 ] int 
  fval            2   17[BANK1 ] int 
  fval1           2   15[BANK1 ] int 
  ival1           2   13[BANK1 ] int 
 Return value:  Size  Location     Type
                  1    wreg      void 
 Registers used:
		wreg, status,2, status,0, btemp+1, pclath, cstack
 Tracked objects:
		On entry : 
		On exit  : 
		Unchanged: 
 Data sizes:     COMMON   BANK0   BANK1   BANK3   BANK2
      Params:         0       0       4       0       0
      Locals:         0       0      12       0       0
      Temps:          0       0       0       0       0
      Totals:         0       0      16       0       0
Total ram usage:       16 bytes
 Hardware stack levels used:    1
 Hardware stack levels required when called:    2
 This function calls:
		_UART_send_char
		___awdiv
		___awmod
		___flmul
		___flsub
		___fltol
		___xxtofl
 This function is called by:
		_main
 This function uses a non-reentrant model


 *************** function ___xxtofl *****************
 Defined at:
		line 10 in file "C:\Program Files (x86)\Microchip\xc8\v2.05\pic\sources\c90\common\xxtofl.c"
 Parameters:    Size  Location     Type
  sign            1    wreg     unsigned char 
  val             4    5[COMMON] long 
 Auto vars:     Size  Location     Type
  sign            1    0[BANK0 ] unsigned char 
  arg             4    2[BANK0 ] unsigned long 
  exp             1    1[BANK0 ] unsigned char 
 Return value:  Size  Location     Type
                  4    5[COMMON] unsigned char 
 Registers used:
		wreg, status,2, status,0
 Tracked objects:
		On entry : 
		On exit  : 
		Unchanged: 
 Data sizes:     COMMON   BANK0   BANK1   BANK3   BANK2
      Params:         4       0       0       0       0
      Locals:         0       6       0       0       0
      Temps:          4       0       0       0       0
      Totals:         8       6       0       0       0
Total ram usage:       14 bytes
 Hardware stack levels used:    1
 This function calls:
		Nothing
 This function is called by:
		_UART_send_float
		_main
 This function uses a non-reentrant model


 *************** function ___fltol *****************
 Defined at:
		line 43 in file "C:\Program Files (x86)\Microchip\xc8\v2.05\pic\sources\c90\common\fltol.c"
 Parameters:    Size  Location     Type
  f1              4   72[BANK0 ] unsigned char 
 Auto vars:     Size  Location     Type
  exp1            1   77[BANK0 ] unsigned char 
  sign1           1   76[BANK0 ] unsigned char 
 Return value:  Size  Location     Type
                  4   72[BANK0 ] long 
 Registers used:
		wreg, status,2, status,0
 Tracked objects:
		On entry : 
		On exit  : 
		Unchanged: 
 Data sizes:     COMMON   BANK0   BANK1   BANK3   BANK2
      Params:         0       4       0       0       0
      Locals:         0       2       0       0       0
      Temps:          0       0       5       0       0
      Totals:         0       6       5       0       0
Total ram usage:       11 bytes
 Hardware stack levels used:    1
 This function calls:
		Nothing
 This function is called by:
		_UART_send_float
 This function uses a non-reentrant model


 *************** function ___flsub *****************
 Defined at:
		line 242 in file "C:\Program Files (x86)\Microchip\xc8\v2.05\pic\sources\c90\common\sprcadd.c"
 Parameters:    Size  Location     Type
  a               4   72[BANK0 ] long 
  b               4   76[BANK0 ] long 
 Auto vars:     Size  Location     Type
		None
 Return value:  Size  Location     Type
                  4   72[BANK0 ] long 
 Registers used:
		wreg, status,2, status,0, btemp+1, pclath, cstack
 Tracked objects:
		On entry : 
		On exit  : 
		Unchanged: 
 Data sizes:     COMMON   BANK0   BANK1   BANK3   BANK2
      Params:         0       8       0       0       0
      Locals:         0       0       0       0       0
      Temps:          0       0       0       0       0
      Totals:         0       8       0       0       0
Total ram usage:        8 bytes
 Hardware stack levels used:    1
 Hardware stack levels required when called:    1
 This function calls:
		___fladd
 This function is called by:
		_UART_send_float
		_acos
		_asin
		_atan
 This function uses a non-reentrant model


 *************** function ___fladd *****************
 Defined at:
		line 10 in file "C:\Program Files (x86)\Microchip\xc8\v2.05\pic\sources\c90\common\sprcadd.c"
 Parameters:    Size  Location     Type
  b               4    0[BANK0 ] long 
  a               4    4[BANK0 ] long 
 Auto vars:     Size  Location     Type
  grs             1   12[COMMON] unsigned char 
  bexp            1   11[COMMON] unsigned char 
  aexp            1   10[COMMON] unsigned char 
  signs           1    9[COMMON] unsigned char 
 Return value:  Size  Location     Type
                  4    0[BANK0 ] unsigned char 
 Registers used:
		wreg, status,2, status,0, btemp+1
 Tracked objects:
		On entry : 
		On exit  : 
		Unchanged: 
 Data sizes:     COMMON   BANK0   BANK1   BANK3   BANK2
      Params:         0       8       0       0       0
      Locals:         4       0       0       0       0
      Temps:          0       8       0       0       0
      Totals:         4      16       0       0       0
Total ram usage:       20 bytes
 Hardware stack levels used:    1
 This function calls:
		Nothing
 This function is called by:
		_main
		___flsub
		_eval_poly
 This function uses a non-reentrant model


 *************** function ___flmul *****************
 Defined at:
		line 8 in file "C:\Program Files (x86)\Microchip\xc8\v2.05\pic\sources\c90\common\sprcmul.c"
 Parameters:    Size  Location     Type
  b               4   46[BANK0 ] unsigned char 
  a               4   50[BANK0 ] unsigned char 
 Auto vars:     Size  Location     Type
  prod            4   66[BANK0 ] struct .
  grs             4   60[BANK0 ] unsigned long 
  temp            2   70[BANK0 ] struct .
  bexp            1   65[BANK0 ] unsigned char 
  aexp            1   64[BANK0 ] unsigned char 
  sign            1   59[BANK0 ] unsigned char 
 Return value:  Size  Location     Type
                  4   46[BANK0 ] unsigned char 
 Registers used:
		wreg, status,2, status,0, btemp+1, pclath, cstack
 Tracked objects:
		On entry : 
		On exit  : 
		Unchanged: 
 Data sizes:     COMMON   BANK0   BANK1   BANK3   BANK2
      Params:         0       8       0       0       0
      Locals:         0      13       0       0       0
      Temps:          0       5       0       0       0
      Totals:         0      26       0       0       0
Total ram usage:       26 bytes
 Hardware stack levels used:    1
 Hardware stack levels required when called:    1
 This function calls:
		__Umul8_16
 This function is called by:
		_UART_send_float
		_main
		_asin
		_atan
		_eval_poly
 This function uses a non-reentrant model


 *************** function __Umul8_16 *****************
 Defined at:
		line 4 in file "C:\Program Files (x86)\Microchip\xc8\v2.05\pic\sources\c90\common\Umul8_16.c"
 Parameters:    Size  Location     Type
  multiplier      1    wreg     unsigned char 
  multiplicand    1    0[COMMON] unsigned char 
 Auto vars:     Size  Location     Type
  multiplier      1    8[COMMON] unsigned char 
  word_mpld       2    6[COMMON] unsigned int 
  product         2    4[COMMON] unsigned int 
 Return value:  Size  Location     Type
                  2    0[COMMON] unsigned int 
 Registers used:
		wreg, status,2, status,0
 Tracked objects:
		On entry : 
		On exit  : 
		Unchanged: 
 Data sizes:     COMMON   BANK0   BANK1   BANK3   BANK2
      Params:         2       0       0       0       0
      Locals:         5       0       0       0       0
      Temps:          2       0       0       0       0
      Totals:         9       0       0       0       0
Total ram usage:        9 bytes
 Hardware stack levels used:    1
 This function calls:
		Nothing
 This function is called by:
		___flmul
 This function uses a non-reentrant model


 *************** function ___awmod *****************
 Defined at:
		line 5 in file "C:\Program Files (x86)\Microchip\xc8\v2.05\pic\sources\c90\common\awmod.c"
 Parameters:    Size  Location     Type
  divisor         2    0[COMMON] int 
  dividend        2    2[COMMON] int 
 Auto vars:     Size  Location     Type
  sign            1    6[COMMON] unsigned char 
  counter         1    5[COMMON] unsigned char 
 Return value:  Size  Location     Type
                  2    0[COMMON] int 
 Registers used:
		wreg, status,2, status,0
 Tracked objects:
		On entry : 
		On exit  : 
		Unchanged: 
 Data sizes:     COMMON   BANK0   BANK1   BANK3   BANK2
      Params:         4       0       0       0       0
      Locals:         2       0       0       0       0
      Temps:          1       0       0       0       0
      Totals:         7       0       0       0       0
Total ram usage:        7 bytes
 Hardware stack levels used:    1
 This function calls:
		Nothing
 This function is called by:
		_UART_send_float
 This function uses a non-reentrant model


 *************** function ___awdiv *****************
 Defined at:
		line 5 in file "C:\Program Files (x86)\Microchip\xc8\v2.05\pic\sources\c90\common\awdiv.c"
 Parameters:    Size  Location     Type
  divisor         2    0[COMMON] int 
  dividend        2    2[COMMON] int 
 Auto vars:     Size  Location     Type
  quotient        2    7[COMMON] int 
  sign            1    6[COMMON] unsigned char 
  counter         1    5[COMMON] unsigned char 
 Return value:  Size  Location     Type
                  2    0[COMMON] int 
 Registers used:
		wreg, status,2, status,0
 Tracked objects:
		On entry : 
		On exit  : 
		Unchanged: 
 Data sizes:     COMMON   BANK0   BANK1   BANK3   BANK2
      Params:         4       0       0       0       0
      Locals:         4       0       0       0       0
      Temps:          1       0       0       0       0
      Totals:         9       0       0       0       0
Total ram usage:        9 bytes
 Hardware stack levels used:    1
 This function calls:
		Nothing
 This function is called by:
		_UART_send_float
 This function uses a non-reentrant model


 *************** function _UART_send_char *****************
 Defined at:
		line 67 in file "sun_usart.c"
 Parameters:    Size  Location     Type
  bt              1    wreg     unsigned char 
 Auto vars:     Size  Location     Type
  bt              1    0[COMMON] unsigned char 
 Return value:  Size  Location     Type
                  1    wreg      void 
 Registers used:
		wreg
 Tracked objects:
		On entry : 
		On exit  : 
		Unchanged: 
 Data sizes:     COMMON   BANK0   BANK1   BANK3   BANK2
      Params:         0       0       0       0       0
      Locals:         1       0       0       0       0
      Temps:          0       0       0       0       0
      Totals:         1       0       0       0       0
Total ram usage:        1 bytes
 Hardware stack levels used:    1
 This function calls:
		Nothing
 This function is called by:
		_UART_send_string
		_UART_send_float
		_main
 This function uses a non-reentrant model


 *************** function _Initialize_UART *****************
 Defined at:
		line 36 in file "sun_usart.c"
 Parameters:    Size  Location     Type
		None
 Auto vars:     Size  Location     Type
		None
 Return value:  Size  Location     Type
                  1    wreg      void 
 Registers used:
		wreg
 Tracked objects:
		On entry : 
		On exit  : 
		Unchanged: 
 Data sizes:     COMMON   BANK0   BANK1   BANK3   BANK2
      Params:         0       0       0       0       0
      Locals:         0       0       0       0       0
      Temps:          0       0       0       0       0
      Totals:         0       0       0       0       0
Total ram usage:        0 bytes
 Hardware stack levels used:    1
 This function calls:
		Nothing
 This function is called by:
		_main
 This function uses a non-reentrant model


 *************** function _ADC_Read *****************
 Defined at:
		line 28 in file "sun_usart.c"
 Parameters:    Size  Location     Type
  channel         1    wreg     unsigned char 
 Auto vars:     Size  Location     Type
  channel         1    4[COMMON] unsigned char 
 Return value:  Size  Location     Type
                  2    0[COMMON] unsigned int 
 Registers used:
		wreg, status,2, status,0
 Tracked objects:
		On entry : 
		On exit  : 
		Unchanged: 
 Data sizes:     COMMON   BANK0   BANK1   BANK3   BANK2
      Params:         2       0       0       0       0
      Locals:         1       0       0       0       0
      Temps:          2       0       0       0       0
      Totals:         5       0       0       0       0
Total ram usage:        5 bytes
 Hardware stack levels used:    1
 This function calls:
		Nothing
 This function is called by:
		_main
 This function uses a non-reentrant model


 *************** function _ADC_Initialize *****************
 Defined at:
		line 21 in file "sun_usart.c"
 Parameters:    Size  Location     Type
		None
 Auto vars:     Size  Location     Type
		None
 Return value:  Size  Location     Type
                  1    wreg      void 
 Registers used:
		wreg
 Tracked objects:
		On entry : 
		On exit  : 
		Unchanged: 
 Data sizes:     COMMON   BANK0   BANK1   BANK3   BANK2
      Params:         0       0       0       0       0
      Locals:         0       0       0       0       0
      Temps:          0       0       0       0       0
      Totals:         0       0       0       0       0
Total ram usage:        0 bytes
 Hardware stack levels used:    1
 This function calls:
		Nothing
 This function is called by:
		_main
 This function uses a non-reentrant model



MODULE INFORMATION

Module		Function		Class		Link	Load	Size
sun_usart.c
		_UART_send_float		CODE           	1ED8	0000	297
		_ADC_Initialize		CODE           	080A	0000	13
		_main          		CODE           	003D	0000	2304
		_UART_send_string		CODE           	1ADF	0000	29
		_UART_send_char		CODE           	0004	0000	9
		_ADC_Read      		CODE           	0816	0000	38
		_Initialize_UART		CODE           	1AC7	0000	25

sun_usart.c estimated size: 2715

C:\Program Files (x86)\Microchip\xc8\v2.05\pic\sources\c90\common\sprcadd.c
		___flsub       		CODE           	1AFB	0000	35
		___fladd       		CODE           	133E	0000	568

C:\Program Files (x86)\Microchip\xc8\v2.05\pic\sources\c90\common\sprcadd.c estimated size: 603

C:\Program Files (x86)\Microchip\xc8\v2.05\pic\sources\c90\common\atan.c
		_atan          		CODE           	1575	0000	652

C:\Program Files (x86)\Microchip\xc8\v2.05\pic\sources\c90\common\atan.c estimated size: 652

C:\Program Files (x86)\Microchip\xc8\v2.05\pic\sources\c90\common\awmod.c
		___awmod       		CODE           	1B8A	0000	76

C:\Program Files (x86)\Microchip\xc8\v2.05\pic\sources\c90\common\awmod.c estimated size: 76

C:\Program Files (x86)\Microchip\xc8\v2.05\pic\sources\c90\common\fltol.c
		___fltol       		CODE           	1C2E	0000	142

C:\Program Files (x86)\Microchip\xc8\v2.05\pic\sources\c90\common\fltol.c estimated size: 142

C:\Program Files (x86)\Microchip\xc8\v2.05\pic\sources\c90\common\asin.c
		_asin          		CODE           	09F9	0000	755

C:\Program Files (x86)\Microchip\xc8\v2.05\pic\sources\c90\common\asin.c estimated size: 755

C:\Program Files (x86)\Microchip\xc8\v2.05\pic\sources\c90\common\flge.c
		___flge        		CODE           	1CBB	0000	148

C:\Program Files (x86)\Microchip\xc8\v2.05\pic\sources\c90\common\flge.c estimated size: 148

C:\Program Files (x86)\Microchip\xc8\v2.05\pic\sources\c90\common\evalpoly.c
		_eval_poly     		CODE           	1DF3	0000	230

C:\Program Files (x86)\Microchip\xc8\v2.05\pic\sources\c90\common\evalpoly.c estimated size: 230

C:\Program Files (x86)\Microchip\xc8\v2.05\pic\sources\c90\common\awdiv.c
		___awdiv       		CODE           	1BD5	0000	90

C:\Program Files (x86)\Microchip\xc8\v2.05\pic\sources\c90\common\awdiv.c estimated size: 90

shared
		__stringtab    		STRING         	1800	0000	7
		atan@coeff_a   		STRING         	1806	0000	25
		atan@coeff_b   		STRING         	181E	0000	21
		__initialization		CODE           	07F8	0000	5

shared estimated size: 58

C:\Program Files (x86)\Microchip\xc8\v2.05\pic\sources\c90\common\sprcmul.c
		___flmul       		CODE           	0CEB	0000	790

C:\Program Files (x86)\Microchip\xc8\v2.05\pic\sources\c90\common\sprcmul.c estimated size: 790

C:\Program Files (x86)\Microchip\xc8\v2.05\pic\sources\c90\common\sprcdiv.c
		___fldiv       		CODE           	119B	0000	420

C:\Program Files (x86)\Microchip\xc8\v2.05\pic\sources\c90\common\sprcdiv.c estimated size: 420

C:\Program Files (x86)\Microchip\xc8\v2.05\pic\sources\c90\common\flneg.c
		___flneg       		CODE           	1ABC	0000	12

C:\Program Files (x86)\Microchip\xc8\v2.05\pic\sources\c90\common\flneg.c estimated size: 12

C:\Program Files (x86)\Microchip\xc8\v2.05\pic\sources\c90\common\fabs.c
		_fabs          		CODE           	000C	0000	50

C:\Program Files (x86)\Microchip\xc8\v2.05\pic\sources\c90\common\fabs.c estimated size: 50

C:\Program Files (x86)\Microchip\xc8\v2.05\pic\sources\c90\common\Umul8_16.c
		__Umul8_16     		CODE           	1B1D	0000	36

C:\Program Files (x86)\Microchip\xc8\v2.05\pic\sources\c90\common\Umul8_16.c estimated size: 36

C:\Program Files (x86)\Microchip\xc8\v2.05\pic\sources\c90\common\sprcsqrt.c
		_sqrt          		CODE           	083B	0000	447

C:\Program Files (x86)\Microchip\xc8\v2.05\pic\sources\c90\common\sprcsqrt.c estimated size: 447

C:\Program Files (x86)\Microchip\xc8\v2.05\pic\sources\c90\common\xxtofl.c
		___xxtofl      		CODE           	1D4E	0000	166

C:\Program Files (x86)\Microchip\xc8\v2.05\pic\sources\c90\common\xxtofl.c estimated size: 166

C:\Program Files (x86)\Microchip\xc8\v2.05\pic\sources\c90\common\acos.c
		_acos          		CODE           	1004	0000	84

C:\Program Files (x86)\Microchip\xc8\v2.05\pic\sources\c90\common\acos.c estimated size: 84

C:\Program Files (x86)\Microchip\xc8\v2.05\pic\sources\c90\common\fleq.c
		___fleq        		CODE           	1B40	0000	75

C:\Program Files (x86)\Microchip\xc8\v2.05\pic\sources\c90\common\fleq.c estimated size: 75

