

Microchip MPLAB XC8 Assembler V2.05 build -831301201 
                                                                                                           Mon Jul 15 14:40:28 2019


     1                           	processor	16F877A
     2                           	opt	pw 132
     3                           	psect	config,global,class=CONFIG,delta=2
     4                           	psect	idloc,global,class=IDLOC,delta=2
     5                           	psect	code,global,class=CODE,delta=2
     6                           	psect	powerup,global,class=CODE,delta=2
     7                           	psect	reset_vec,global,class=CODE,delta=2
     8                           	psect	maintext,global,class=CODE,delta=2
     9                           	psect	eeprom_data,global,class=EEDATA,space=3,delta=2
    10                           	psect	intentry,global,class=CODE,delta=2
    11                           	psect	functab,global,class=ENTRY,delta=2
    12                           	psect	init,global,class=CODE,delta=2
    13                           	psect	cinit,global,class=CODE,delta=2
    14                           	psect	text,global,class=CODE,delta=2
    15                           	psect	end_init,global,class=CODE,delta=2
    16                           	psect	clrtext,global,class=CODE,delta=2
    17                           	psect	strings,global,reloc=256,class=CODE,delta=2
    18                           	psect	stack,global,class=STACK,space=2,delta=1
    19                           	psect	common,global,class=COMMON,space=1,delta=1
    20                           	psect	bank0,global,class=BANK0,space=1,delta=1
    21                           	psect	bank1,global,class=BANK1,space=1,delta=1
    22                           	psect	bank2,global,class=BANK2,space=1,delta=1
    23                           	psect	bank3,global,class=BANK3,space=1,delta=1
    24                           	psect	ram,global,class=RAM,space=1,delta=1
    25                           	psect	abs1,global,class=ABS1,space=1,delta=1
    26                           	psect	sfr0,global,class=SFR0,space=1,delta=1
    27                           	psect	sfr1,global,class=SFR1,space=1,delta=1
    28                           	psect	sfr2,global,class=SFR2,space=1,delta=1
    29                           	psect	sfr3,global,class=SFR3,space=1,delta=1
    30                           
    31                           	psect	reset_vec
    32  0000                     reset_vec:	
    33                           
    34                           	psect	maintext
    35                           
    36                           ; Microchip MPLAB XC8 C Compiler V2.05
    37                           ; Copyright (C) 2018 Microchip Technology Inc.
    38                           ; Auto-generated runtime startup code for final link stage.
    39                           ;
    40                           ; Compiler options:
    41                           ;
    42                           ; -G --chip=16F877A -ODebug.cof main.p1 lcd.p1 led.p1
    43                           ;
    44  0000                     C	set	0
    45  0002                     Z	set	2
    46  0002                     PCL	set	2
    47  0000                     INDF	set	0
    48  000A                     
    49                           	psect	functab
    50  0000                     intlevel0:	
    51  0000                     intlevel1:	
    52  0000                     intlevel2:	
    53  0000                     intlevel3:	
    54  0000                     intlevel4:	
    55  0000                     intlevel5:	
    56                           
    57                           	psect	init
    58  0000                     start:	
    59                           ; No powerup routine
    60                           ; No interrupt routine
    61                           
    62                           
    63                           	psect	end_init
    64  0000  120A  118A  2FEC   	ljmp	start_initialization	;jump to C runtime clear & initialization
    65                           
    66                           	psect	clrtext
    67  0004                     FSR	set	4
    68                           
    69                           	psect	strings
    70  0000                     
    71                           	psect	stack
    72  0000                     ___sp:	
    73  0000                     ___int_sp:	


Microchip Technology PIC Macro Assembler V2.05 build -831301201 
Symbol Table                                                                                               Mon Jul 15 14:40:28 2019

               ___sp 0000                 _main 06FE                 start 0000  start_initialization 07EC  
          ___stackhi 0000            ___stacklo 0000             ___int_sp 0000             intlevel0 0000  
           intlevel1 0000             intlevel2 0000             intlevel3 0000             intlevel4 0000  
           intlevel5 0000             reset_vec 0000  
