Microchip MPLAB XC8 Compiler V2.05 ()

Linker command line:

-W-3 --edf=C:\Program Files (x86)\Microchip\xc8\v2.05\pic\dat\en_msgs.txt \
  -cs -h+dist/default/production\mm_Project.X.production.sym \
  --cmf=dist/default/production\mm_Project.X.production.cmf -z -w9 \
  --disl=596:off --norlf -Q16F877A \
  -oC:\Users\Upendra\AppData\Local\Temp\s9ig.2 --defsym=__MPLAB_BUILD=1 \
  -Mdist/default/production/mm_Project.X.production.map -E1 -ver=XC8 \
  --acfsm=1493 -ACODE=00h-07FFhx4 -ASTRCODE=00h-01FFFh -ASTRING=00h-0FFhx32 \
  -ACONST=00h-0FFhx32 -AENTRY=00h-0FFhx32 -ACOMMON=070h-07Fh \
  -ABANK0=020h-06Fh -ABANK1=0A0h-0EFh -ABANK2=0110h-016Fh \
  -ABANK3=0190h-01EFh -ARAM=020h-06Fh,0A0h-0EFh,0110h-016Fh,0190h-01EFh \
  -AABS1=020h-07Fh,0A0h-0EFh,0110h-016Fh,0190h-01EFh -ASFR0=00h-01Fh \
  -ASFR1=080h-09Fh -ASFR2=0100h-010Fh -ASFR3=0180h-018Fh \
  -preset_vec=00h,intentry,init,end_init -ppowerup=CODE -pcinit=CODE \
  -pfunctab=ENTRY -ACONFIG=02007h-02007h -pconfig=CONFIG -DCONFIG=2 \
  -AIDLOC=02000h-02003h -pidloc=IDLOC -DIDLOC=2 -AEEDATA=00h-0FFh/02100h \
  -peeprom_data=EEDATA -DEEDATA=2 -DCODE=2 -DSTRCODE=2 -DSTRING=2 -DCONST=2 \
  -DENTRY=2 -k C:\Users\Upendra\AppData\Local\Temp\s9ig.o \
  dist/default/production\mm_Project.X.production.o 

Object code version is 3.11

Machine type is 16F877A



                Name                               Link     Load   Length Selector   Space Scale
C:\Users\Upendra\AppData\Local\Temp\s9ig.o
                end_init                              0        0        4        0       0
dist/default/production\mm_Project.X.production.o
                cinit                               7F2      7F2        E      FE4       0
                text8                                2E       2E       93       5C       0
                text7                                 B        B       23       16       0
                text6                               164      164      315      2C8       0
                text5                               DC1      DC1      23F     1B82       0
                text4                               D32      D32       22     1A64       0
                text3                               D54      D54       6D     1AA8       0
                text2                               D11      D11       21     1A22       0
                text1                                C1       C1       A3      182       0
                maintext                            479      479      379      8F2       0
                cstackBANK0                          20       20       3C       20       1
                cstackCOMMON                         70       70        E       70       1
                bssBANK0                             5C       5C        8       20       1
                strings                             800      800       51     1000       0

TOTAL           Name                               Link     Load   Length     Space
        CLASS   CODE           
                end_init                              0        0        4         0
                cinit                               7F2      7F2        E         0
                text8                                2E       2E       93         0
                text7                                 B        B       23         0
                text6                               164      164      315         0
                text5                               DC1      DC1      23F         0
                text4                               D32      D32       22         0
                text3                               D54      D54       6D         0
                text2                               D11      D11       21         0
                text1                                C1       C1       A3         0
                maintext                            479      479      379         0

        CLASS   STRCODE        

        CLASS   STRING         
                strings                             800      800       51         0

        CLASS   CONST          

        CLASS   ENTRY          

        CLASS   COMMON         
                cstackCOMMON                         70       70        E         1

        CLASS   BANK0          
                cstackBANK0                          20       20       3C         1
                bssBANK0                             5C       5C        8         1

        CLASS   BANK1          

        CLASS   BANK2          

        CLASS   BANK3          

        CLASS   RAM            

        CLASS   ABS1           
                abs_s1                               7E       7E        2         1

        CLASS   SFR0           

        CLASS   SFR1           

        CLASS   SFR2           

        CLASS   SFR3           

        CLASS   CONFIG         

        CLASS   IDLOC          

        CLASS   EEDATA         

        CLASS   STACK          



SEGMENTS        Name                           Load    Length   Top    Selector   Space  Class     Delta

                reset_vec                      000000  000004  000004         0       0  CODE        2
                text7                          00000B  000023  00002E        16       0  CODE        2
                cstackBANK0                    000020  000044  000064        20       1  BANK0       1
                text8                          00002E  000093  0000C1        5C       0  CODE        2
                cstackCOMMON                   000070  00000E  00007E        70       1  COMMON      1
                text1                          0000C1  0000A3  000164       182       0  CODE        2
                text6                          000164  000315  000479       2C8       0  CODE        2
                maintext                       000479  000379  0007F2       8F2       0  CODE        2
                cinit                          0007F2  00000E  000800       FE4       0  CODE        2
                strings                        000800  000051  000851      1000       0  STRING      2
                text2                          000D11  000021  000D32      1A22       0  CODE        2
                text4                          000D32  000022  000D54      1A64       0  CODE        2
                text3                          000D54  00006D  000DC1      1AA8       0  CODE        2
                text5                          000DC1  00023F  001000      1B82       0  CODE        2


UNUSED ADDRESS RANGES

        Name                Unused          Largest block    Delta
        BANK0            0064-006F              C           1
        BANK1            00A0-00EF             50           1
        BANK2            0110-016F             60           1
        BANK3            0190-01EF             60           1
        CODE             0004-000A              7           2
                         0851-0D10            4C0
                         1000-1FFF            800
        CONFIG           2007-2007              1           2
        CONST            0004-000A              7           2
                         0851-0D10            100
                         1000-1FFF            100
        EEDATA           2100-21FF            100           2
        ENTRY            0004-000A              7           2
                         0851-0D10            100
                         1000-1FFF            100
        IDLOC            2000-2003              4           2
        RAM              0064-006F              C           1
                         00A0-00EF             50
                         0110-016F             60
                         0190-01EF             60
        SFR0             0000-001F             20           1
        SFR1             0080-009F             20           1
        SFR2             0100-010F             10           1
        SFR3             0180-018F             10           1
        STRCODE          0004-000A              7           2
                         0851-0D10            4C0
                         1000-1FFF           1000
        STRING           0004-000A              7           2
                         0851-0D10            100
                         1000-1FFF            100

                                  Symbol Table

__CFG_BOREN$ON           (abs)        0000
__CFG_CP$OFF             (abs)        0000
__CFG_CPD$OFF            (abs)        0000
__CFG_FOSC$HS            (abs)        0000
__CFG_LVP$OFF            (abs)        0000
__CFG_PWRTE$OFF          (abs)        0000
__CFG_WDTE$OFF           (abs)        0000
__CFG_WRT$OFF            (abs)        0000
__Habs1                  abs1         0000
__Hbank0                 bank0        0000
__Hbank1                 bank1        0000
__Hbank2                 bank2        0000
__Hbank3                 bank3        0000
__HbssBANK0              bssBANK0     0000
__Hclrtext               clrtext      0000
__Hcode                  code         0000
__Hcommon                common       0000
__Hconfig                config       0000
__HcstackBANK0           cstackBANK0  0000
__HcstackCOMMON          cstackCOMMON 0000
__Heeprom_data           eeprom_data  0000
__Hfunctab               functab      0000
__Hidloc                 idloc        0000
__Hinit                  init         0000
__Hintentry              intentry     0000
__Hmaintext              maintext     0000
__Hpowerup               powerup      0000
__Hram                   ram          0000
__Hreset_vec             reset_vec    0000
__Hsfr0                  sfr0         0000
__Hsfr1                  sfr1         0000
__Hsfr2                  sfr2         0000
__Hsfr3                  sfr3         0000
__Hspace_2               (abs)        0000
__Hspace_3               (abs)        0000
__Hstack                 stack        0000
__Hstrings               strings      0000
__Htext                  text         0000
__Labs1                  abs1         0000
__Lbank0                 bank0        0000
__Lbank1                 bank1        0000
__Lbank2                 bank2        0000
__Lbank3                 bank3        0000
__LbssBANK0              bssBANK0     0000
__Lclrtext               clrtext      0000
__Lcode                  code         0000
__Lcommon                common       0000
__Lconfig                config       0000
__LcstackBANK0           cstackBANK0  0000
__LcstackCOMMON          cstackCOMMON 0000
__Leeprom_data           eeprom_data  0000
__Lend_init              end_init     0000
__Lfunctab               functab      0000
__Lidloc                 idloc        0000
__Linit                  init         0000
__Lintentry              intentry     0000
__Lmaintext              maintext     0000
__Lpowerup               powerup      0000
__Lram                   ram          0000
__Lreset_vec             reset_vec    0000
__Lsfr0                  sfr0         0000
__Lsfr1                  sfr1         0000
__Lsfr2                  sfr2         0000
__Lsfr3                  sfr3         0000
__Lspace_0               (abs)        0000
__Lspace_1               (abs)        0000
__Lspace_2               (abs)        0000
__Lspace_3               (abs)        0000
__Lstack                 stack        0000
__Lstrings               strings      0000
__Ltext                  text         0000
__S3                     (abs)        0000
___int_sp                stack        0000
___sp                    stack        0000
___stackhi               (abs)        0000
___stacklo               (abs)        0000
__size_of__Umul8_16      (abs)        0000
__size_of___fladd        (abs)        0000
__size_of___flge         (abs)        0000
__size_of___flmul        (abs)        0000
__size_of___flsub        (abs)        0000
__size_of___fltol        (abs)        0000
__size_of___wmul         (abs)        0000
__size_of___xxtofl       (abs)        0000
__size_of_main           (abs)        0000
_lcd_bcd                                  
_lcd_com                                  
_lcd_data                                 
_lcd_init                                 
_lcd_puts                                 
_ow_reset                                 
_read_byte                                
_write_byte                               
intlevel0                functab      0000
intlevel1                functab      0000
intlevel2                functab      0000
intlevel3                functab      0000
intlevel4                functab      0000
intlevel5                functab      0000
reset_vec                reset_vec    0000
start                    init         0000
___latbits               (abs)        0002
__Hend_init              end_init     0004
__Umul8_16               text7        000B
__ptext7                 text7        000B
?___flmul                cstackBANK0  0020
___flmul@b               cstackBANK0  0020
__pcstackBANK0           cstackBANK0  0020
___flmul@a               cstackBANK0  0024
?___flsub                cstackBANK0  0028
___flsub@a               cstackBANK0  0028
___flsub@b               cstackBANK0  002C
___flmul@sign            cstackBANK0  002D
___flmul@grs             cstackBANK0  002E
___flmul@aexp            cstackBANK0  0032
___flmul@bexp            cstackBANK0  0033
___flmul@prod            cstackBANK0  0034
___flmul@temp            cstackBANK0  0038
?___fltol                cstackBANK0  003A
___fltol@f1              cstackBANK0  003A
___fltol@sign1           cstackBANK0  0043
___fltol@exp1            cstackBANK0  0044
main@difference1         cstackBANK0  0048
main@difference2         cstackBANK0  004C
main@TempL               cstackBANK0  0050
main@TempH               cstackBANK0  0052
main@t2                  cstackBANK0  0054
main@t                   cstackBANK0  0056
main@i                   cstackBANK0  0058
___flge                  text8        002E
__end_of__Umul8_16       text7        002E
__pbssBANK0              bssBANK0     005C
__ptext8                 text8        002E
_aft_val                 bssBANK0     005C
_pre_val                 bssBANK0     0060
?__Umul8_16              cstackCOMMON 0070
?___fladd                cstackCOMMON 0070
?___wmul                 cstackCOMMON 0070
?___xxtofl               cstackCOMMON 0070
__Umul8_16@multiplicand  cstackCOMMON 0070
___fladd@b               cstackCOMMON 0070
___flge@ff1              cstackCOMMON 0070
___wmul@multiplier       cstackCOMMON 0070
___xxtofl@val            cstackCOMMON 0070
__pcstackCOMMON          cstackCOMMON 0070
_lcd_bcd$1               cstackCOMMON 0070
_lcd_puts$0              cstackCOMMON 0070
___wmul@multiplicand     cstackCOMMON 0072
__Umul8_16@product       cstackCOMMON 0074
___fladd@a               cstackCOMMON 0074
___flge@ff2              cstackCOMMON 0074
___wmul@product          cstackCOMMON 0074
__Umul8_16@word_mpld     cstackCOMMON 0076
__Umul8_16@multiplier    cstackCOMMON 0078
___fladd@signs           cstackCOMMON 0078
___xxtofl@sign           cstackCOMMON 0078
___fladd@aexp            cstackCOMMON 0079
___xxtofl@exp            cstackCOMMON 0079
___fladd@bexp            cstackCOMMON 007A
___xxtofl@arg            cstackCOMMON 007A
___fladd@grs             cstackCOMMON 007B
__Hspace_1               (abs)        007E
__S1                     (abs)        007E
btemp                    (abs)        007E
wtemp0                   (abs)        007E
_TRISA                   (abs)        0085
_TRISB                   (abs)        0086
_TRISD                   (abs)        0088
___xxtofl                text1        00C1
__end_of___flge          text8        00C1
__ptext1                 text1        00C1
___flmul                 text6        0164
__end_of___xxtofl        text1        0164
__ptext6                 text6        0164
__end_of___flmul         text6        0479
__pmaintext              maintext     0479
_main                    maintext     0479
__Lcinit                 cinit        07F2
__end_of_main            maintext     07F2
__initialization         cinit        07F2
start_initialization     cinit        07F2
__end_of__initialization cinit        07FC
end_of_initialization    cinit        07FC
__Hcinit                 cinit        0800
__Hspace_0               (abs)        1000
__S0                     (abs)        1000
__pstrings               strings      0800
__stringtab              strings      0800
__stringbase             strings      0805
__end_of__stringtab      strings      0806
___wmul                  text2        0D11
__ptext2                 text2        0D11
___flsub                 text4        0D32
__end_of___wmul          text2        0D32
__ptext4                 text4        0D32
___fltol                 text3        0D54
__end_of___flsub         text4        0D54
__ptext3                 text3        0D54
___fladd                 text5        0DC1
__end_of___fltol         text3        0DC1
__ptext5                 text5        0DC1
__end_of___fladd         text5        1000
